
ERROR in (probe-observes-changed-prefix-dependency-and-refuses-unknown-before-reload) (FileInputStream.java:-2)
Uncaught exception, not in assertion.
expected: nil
  actual: java.io.FileNotFoundException: /var/tmp/forge/bbtower-fx/probe-stale-268303549949904521/deps.edn (No such file or directory)
 at java.io.FileInputStream.open0 (FileInputStream.java:-2)
    java.io.FileInputStream.open (FileInputStream.java:213)
    java.io.FileInputStream.<init> (FileInputStream.java:152)
    clojure.java.io$fn__11659.invokeStatic (io.clj:232)
    clojure.java.io/fn (io.clj:232)
    clojure.java.io$fn__11611$G__11565__11618.invoke (io.clj:72)
    clojure.java.io$fn__11633.invokeStatic (io.clj:168)
    clojure.java.io/fn (io.clj:168)
    clojure.java.io$fn__11572$G__11561__11579.invoke (io.clj:72)
    clojure.java.io$reader.invokeStatic (io.clj:105)
    clojure.java.io$reader.doInvoke (io.clj:89)
    clojure.lang.RestFn.invoke (RestFn.java:413)
    clojure.lang.AFn.applyToHelper (AFn.java:154)
    clojure.lang.RestFn.applyTo (RestFn.java:135)
    clojure.core$apply.invokeStatic (core.clj:669)
    clojure.core$slurp.invokeStatic (core.clj:7089)
    clojure.core$slurp.doInvoke (core.clj:7089)
    clojure.lang.RestFn.invoke (RestFn.java:413)
    clj_surgeon.probe$fingerprint.invokeStatic (probe.clj:16)
    clj_surgeon.probe$fingerprint.invoke (probe.clj:13)
    clj_surgeon.probe$image_identity.invokeStatic (probe.clj:22)
    clj_surgeon.probe$image_identity.invoke (probe.clj:19)
    clj_surgeon.mcp_hot_verify_test$fn__13115.invokeStatic (mcp_hot_verify_test.clj:63)
    clj_surgeon.mcp_hot_verify_test/fn (mcp_hot_verify_test.clj:57)
    clojure.test$test_var$fn__9898.invoke (test.clj:717)
    clojure.test$test_var.invokeStatic (test.clj:717)
    clojure.test$test_var.invoke (test.clj:708)
    clojure.test$test_vars$fn__9924$fn__9929.invoke (test.clj:735)
    clojure.test$default_fixture.invokeStatic (test.clj:687)
    clojure.test$default_fixture.invoke (test.clj:683)
    clojure.test$test_vars$fn__9924.invoke (test.clj:735)
    clojure.test$default_fixture.invokeStatic (test.clj:687)
    clojure.test$default_fixture.invoke (test.clj:683)
    clojure.test$test_vars.invokeStatic (test.clj:731)
    clojure.test$test_vars.invoke (test.clj:723)
    user$eval13596.invokeStatic (NO_SOURCE_FILE:1)
    user$eval13596.invoke (NO_SOURCE_FILE:1)
    clojure.lang.Compiler.eval (Compiler.java:7739)
    clojure.lang.Compiler.eval (Compiler.java:7729)
    nrepl.middleware.interruptible_eval$evaluator$run__1435$fn__1446.invoke (interruptible_eval.clj:106)
    nrepl.middleware.interruptible_eval$evaluator$run__1435.invoke (interruptible_eval.clj:101)
    nrepl.middleware.session$session_exec$session_loop__1519.invoke (session.clj:230)
    nrepl.SessionThread.run (SessionThread.java:21)
=> {:test 4, :pass 36, :fail 0, :error 1}
*======== user | clj ========*
