
FAIL in (evaluation-preserves-typed-refusals-and-untyped-cause-messages) (/home/forge/src/clj-surgeon-bbtower/test/clj_surgeon/xray_test.clj:134)
expected: (identical? refusal caught)
  actual: (not (identical? #error {
 :cause "typed refusal"
 :data {:error-type :invalid-xray-cardinality, :reason :field-refusal, :detail {:preserved true}}
 :via
 [{:type clojure.lang.ExceptionInfo
   :message "typed refusal"
   :data {:error-type :invalid-xray-cardinality, :reason :field-refusal, :detail {:preserved true}}
   :at [sci.lang.Var invoke "lang.cljc" 219]}]
 :trace
 [[sci.lang.Var invoke "lang.cljc" 219]
  [sci.impl.analyzer$return_call$reify__5247 eval "analyzer.cljc" 1756]
  [sci.impl.analyzer$analyze_let_STAR_$reify__4903 eval "analyzer.cljc" 737]
  [sci.impl.analyzer$return_do$reify__4622 eval "analyzer.cljc" 105]
  [sci.impl.analyzer$analyze_let_STAR_$reify__4899 eval "analyzer.cljc" 717]
  [sci.impl.analyzer$return_if$reify__4933 eval "analyzer.cljc" 957]
  [sci.impl.fns$fun$arity_4__1483 invoke "fns.cljc" 133]
  [sci.impl.analyzer$return_call$reify__5253 eval "analyzer.cljc" 1756]
  [sci.impl.analyzer$analyze_let_STAR_$reify__4905 eval "analyzer.cljc" 762]
  [sci.impl.analyzer$return_do$reify__4622 eval "analyzer.cljc" 105]
  [sci.impl.analyzer$analyze_let_STAR_$reify__4899 eval "analyzer.cljc" 717]
  [sci.impl.analyzer$return_if$reify__4933 eval "analyzer.cljc" 957]
  [sci.impl.fns$fun$arity_4__1483 invoke "fns.cljc" 133]
  [sci.impl.analyzer$return_call$reify__5253 eval "analyzer.cljc" 1756]
  [sci.impl.analyzer$analyze_let_STAR_$reify__4905 eval "analyzer.cljc" 762]
  [sci.impl.analyzer$return_do$reify__4624 eval "analyzer.cljc" 111]
  [sci.impl.fns$fun$arity_0__1461 invoke "fns.cljc" 129]
  [babashka.impl.clojure.test$test_var_impl$fn__30077 invoke "test.clj" 720]
  [babashka.impl.clojure.test$test_var_impl invokeStatic "test.clj" 720]
  [babashka.impl.clojure.test$test_var_impl invoke "test.clj" 711]
  [sci.lang.Var invoke "lang.cljc" 217]
  [babashka.impl.clojure.test$test_vars$fn__30104$fn__30109 invoke "test.clj" 741]
  [babashka.impl.clojure.test$default_fixture invokeStatic "test.clj" 690]
  [babashka.impl.clojure.test$default_fixture invoke "test.clj" 686]
  [babashka.impl.clojure.test$test_vars$fn__30104 invoke "test.clj" 741]
  [babashka.impl.clojure.test$default_fixture invokeStatic "test.clj" 690]
  [babashka.impl.clojure.test$default_fixture invoke "test.clj" 686]
  [babashka.impl.clojure.test$test_vars invokeStatic "test.clj" 737]
  [babashka.impl.clojure.test$test_vars invoke "test.clj" 728]
  [sci.lang.Var invoke "lang.cljc" 217]
  [sci.impl.analyzer$return_call$reify__5179 eval "analyzer.cljc" 1756]
  [sci.impl.analyzer$return_do$reify__4622 eval "analyzer.cljc" 105]
  [sci.impl.evaluator$eval_try_plain invokeStatic "evaluator.cljc" 140]
  [sci.impl.evaluator$eval_try invokeStatic "evaluator.cljc" 149]
  [sci.impl.analyzer$analyze_try$reify__4965 eval "analyzer.cljc" 1046]
  [sci.impl.analyzer$return_do$reify__4622 eval "analyzer.cljc" 106]
  [sci.impl.analyzer$analyze_let_STAR_$reify__4897 eval "analyzer.cljc" 710]
  [sci.impl.interpreter$eval_form_STAR_ invokeStatic "interpreter.cljc" 60]
  [sci.impl.interpreter$eval_form invokeStatic "interpreter.cljc" 80]
  [sci.impl.interpreter$eval_string_STAR_ invokeStatic "interpreter.cljc" 104]
  [sci.impl.interpreter$eval_string_STAR_ invoke "interpreter.cljc" 89]
  [sci.impl.interpreter$eval_string_STAR_ invokeStatic "interpreter.cljc" 91]
  [sci.core$eval_string_STAR_ invokeStatic "core.cljc" 325]
  [babashka.main$exec$fn__30821$fn__30861$fn__30862 invoke "main.clj" 1124]
  [babashka.main$exec$fn__30821$fn__30861 invoke "main.clj" 1124]
  [babashka.main$exec$fn__30821 invoke "main.clj" 1114]
  [clojure.lang.AFn applyToHelper "AFn.java" 152]
  [clojure.lang.AFn applyTo "AFn.java" 144]
  [clojure.core$apply invokeStatic "core.clj" 667]
  [clojure.core$with_bindings_STAR_ invokeStatic "core.clj" 1994]
  [clojure.core$with_bindings_STAR_ doInvoke "core.clj" 1994]
  [clojure.lang.RestFn invoke "RestFn.java" 428]
  [babashka.main$exec invokeStatic "main.clj" 899]
  [babashka.main$main invokeStatic "main.clj" 1378]
  [babashka.main$main doInvoke "main.clj" 1292]
  [clojure.lang.RestFn applyTo "RestFn.java" 140]
  [clojure.core$apply invokeStatic "core.clj" 667]
  [babashka.main$_main invokeStatic "main.clj" 1404]
  [babashka.main$_main doInvoke "main.clj" 1395]
  [clojure.lang.RestFn applyTo "RestFn.java" 140]
  [babashka.main main nil -1]
  [java.lang.invoke.LambdaForm$DMH/sa346b79c invokeStaticInit "LambdaForm$DMH" -1]]} #error {
 :cause "typed refusal"
 :data {:error-type :invalid-xray-cardinality, :reason :field-refusal, :detail {:preserved true}}
 :via
 [{:type clojure.lang.ExceptionInfo
   :message "Invalid Clojure xray expression"
   :data {:expression "(form 'data)", :error-type :invalid-xray-expression, :allowed-forms ["A path returns literal evidence." "(expect-count path n)" "(analyze path pure-function)" "(form name)" "(form name platform)" "(line positive-line)" "(match path pattern)" "(where path predicates)" "(right path)" "(left path)" "(up path)" "(down path)" "(outermost path)" "(initializer path)" "(span path n)" "(partition-all path n)"], :remedy "Return a path, or end with analyze; add expect-count for exact cardinality.", :allowed-capabilities [:pure-control :collection-construction :collection-navigation :collection-transformation :higher-order-functions :predicates :numbers-and-strings :metadata :structural-builders], :reason :evaluation-failed, :allowed-symbol-count 238, :usage "clj-surgeon :op :xray :file FILE :expr EXPR", :cause-message "typed refusal"}
   :at [sci.lang.Var invoke "lang.cljc" 221]}
  {:type clojure.lang.ExceptionInfo
   :message "typed refusal"
   :data {:error-type :invalid-xray-cardinality, :reason :field-refusal, :detail {:preserved true}}
   :at [sci.lang.Var invoke "lang.cljc" 219]}]
 :trace
 [[sci.lang.Var invoke "lang.cljc" 219]
  [sci.impl.analyzer$return_call$reify__5247 eval "analyzer.cljc" 1756]
  [sci.impl.analyzer$analyze_let_STAR_$reify__4903 eval "analyzer.cljc" 737]
  [sci.impl.analyzer$return_do$reify__4622 eval "analyzer.cljc" 105]
  [sci.impl.analyzer$analyze_let_STAR_$reify__4899 eval "analyzer.cljc" 717]
  [sci.impl.analyzer$return_if$reify__4933 eval "analyzer.cljc" 957]
  [sci.impl.fns$fun$arity_4__1483 invoke "fns.cljc" 133]
  [sci.impl.analyzer$return_call$reify__5253 eval "analyzer.cljc" 1756]
  [sci.impl.analyzer$analyze_let_STAR_$reify__4905 eval "analyzer.cljc" 762]
  [sci.impl.analyzer$return_do$reify__4622 eval "analyzer.cljc" 105]
  [sci.impl.analyzer$analyze_let_STAR_$reify__4899 eval "analyzer.cljc" 717]
  [sci.impl.analyzer$return_if$reify__4933 eval "analyzer.cljc" 957]
  [sci.impl.fns$fun$arity_4__1483 invoke "fns.cljc" 133]
  [sci.impl.analyzer$return_call$reify__5253 eval "analyzer.cljc" 1756]
  [sci.impl.analyzer$analyze_let_STAR_$reify__4905 eval "analyzer.cljc" 762]
  [sci.impl.analyzer$return_do$reify__4624 eval "analyzer.cljc" 111]
  [sci.impl.fns$fun$arity_0__1461 invoke "fns.cljc" 129]
  [babashka.impl.clojure.test$test_var_impl$fn__30077 invoke "test.clj" 720]
  [babashka.impl.clojure.test$test_var_impl invokeStatic "test.clj" 720]
  [babashka.impl.clojure.test$test_var_impl invoke "test.clj" 711]
  [sci.lang.Var invoke "lang.cljc" 217]
  [babashka.impl.clojure.test$test_vars$fn__30104$fn__30109 invoke "test.clj" 741]
  [babashka.impl.clojure.test$default_fixture invokeStatic "test.clj" 690]
  [babashka.impl.clojure.test$default_fixture invoke "test.clj" 686]
  [babashka.impl.clojure.test$test_vars$fn__30104 invoke "test.clj" 741]
  [babashka.impl.clojure.test$default_fixture invokeStatic "test.clj" 690]
  [babashka.impl.clojure.test$default_fixture invoke "test.clj" 686]
  [babashka.impl.clojure.test$test_vars invokeStatic "test.clj" 737]
  [babashka.impl.clojure.test$test_vars invoke "test.clj" 728]
  [sci.lang.Var invoke "lang.cljc" 217]
  [sci.impl.analyzer$return_call$reify__5179 eval "analyzer.cljc" 1756]
  [sci.impl.analyzer$return_do$reify__4622 eval "analyzer.cljc" 105]
  [sci.impl.evaluator$eval_try_plain invokeStatic "evaluator.cljc" 140]
  [sci.impl.evaluator$eval_try invokeStatic "evaluator.cljc" 149]
  [sci.impl.analyzer$analyze_try$reify__4965 eval "analyzer.cljc" 1046]
  [sci.impl.analyzer$return_do$reify__4622 eval "analyzer.cljc" 106]
  [sci.impl.analyzer$analyze_let_STAR_$reify__4897 eval "analyzer.cljc" 710]
  [sci.impl.interpreter$eval_form_STAR_ invokeStatic "interpreter.cljc" 60]
  [sci.impl.interpreter$eval_form invokeStatic "interpreter.cljc" 80]
  [sci.impl.interpreter$eval_string_STAR_ invokeStatic "interpreter.cljc" 104]
  [sci.impl.interpreter$eval_string_STAR_ invoke "interpreter.cljc" 89]
  [sci.impl.interpreter$eval_string_STAR_ invokeStatic "interpreter.cljc" 91]
  [sci.core$eval_string_STAR_ invokeStatic "core.cljc" 325]
  [babashka.main$exec$fn__30821$fn__30861$fn__30862 invoke "main.clj" 1124]
  [babashka.main$exec$fn__30821$fn__30861 invoke "main.clj" 1124]
  [babashka.main$exec$fn__30821 invoke "main.clj" 1114]
  [clojure.lang.AFn applyToHelper "AFn.java" 152]
  [clojure.lang.AFn applyTo "AFn.java" 144]
  [clojure.core$apply invokeStatic "core.clj" 667]
  [clojure.core$with_bindings_STAR_ invokeStatic "core.clj" 1994]
  [clojure.core$with_bindings_STAR_ doInvoke "core.clj" 1994]
  [clojure.lang.RestFn invoke "RestFn.java" 428]
  [babashka.main$exec invokeStatic "main.clj" 899]
  [babashka.main$main invokeStatic "main.clj" 1378]
  [babashka.main$main doInvoke "main.clj" 1292]
  [clojure.lang.RestFn applyTo "RestFn.java" 140]
  [clojure.core$apply invokeStatic "core.clj" 667]
  [babashka.main$_main invokeStatic "main.clj" 1404]
  [babashka.main$_main doInvoke "main.clj" 1395]
  [clojure.lang.RestFn applyTo "RestFn.java" 140]
  [babashka.main main nil -1]
  [java.lang.invoke.LambdaForm$DMH/sa346b79c invokeStaticInit "LambdaForm$DMH" -1]]}))

FAIL in (evaluation-preserves-typed-refusals-and-untyped-cause-messages) (/home/forge/src/clj-surgeon-bbtower/test/clj_surgeon/xray_test.clj:134)
expected: (= (ex-data refusal) (ex-data caught))
  actual: (not (= {:error-type :invalid-xray-cardinality, :reason :field-refusal, :detail {:preserved true}} {:expression "(form 'data)", :error-type :invalid-xray-expression, :allowed-forms ["A path returns literal evidence." "(expect-count path n)" "(analyze path pure-function)" "(form name)" "(form name platform)" "(line positive-line)" "(match path pattern)" "(where path predicates)" "(right path)" "(left path)" "(up path)" "(down path)" "(outermost path)" "(initializer path)" "(span path n)" "(partition-all path n)"], :remedy "Return a path, or end with analyze; add expect-count for exact cardinality.", :allowed-capabilities [:pure-control :collection-construction :collection-navigation :collection-transformation :higher-order-functions :predicates :numbers-and-strings :metadata :structural-builders], :reason :evaluation-failed, :allowed-symbol-count 238, :usage "clj-surgeon :op :xray :file FILE :expr EXPR", :cause-message "typed refusal"}))

FAIL in (evaluation-preserves-typed-refusals-and-untyped-cause-messages) (/home/forge/src/clj-surgeon-bbtower/test/clj_surgeon/xray_test.clj:134)
expected: (identical? refusal caught)
  actual: (not (identical? #error {
 :cause "typed refusal"
 :data {:error-type :invalid-xray-cardinality, :reason :field-refusal, :detail {:preserved true}}
 :via
 [{:type clojure.lang.ExceptionInfo
   :message "typed refusal"
   :data {:error-type :invalid-xray-cardinality, :reason :field-refusal, :detail {:preserved true}}
   :at [sci.lang.Var invoke "lang.cljc" 219]}]
 :trace
 [[sci.lang.Var invoke "lang.cljc" 219]
  [sci.impl.analyzer$return_call$reify__5247 eval "analyzer.cljc" 1756]
  [sci.impl.analyzer$analyze_let_STAR_$reify__4903 eval "analyzer.cljc" 737]
  [sci.impl.analyzer$return_do$reify__4622 eval "analyzer.cljc" 105]
  [sci.impl.analyzer$analyze_let_STAR_$reify__4899 eval "analyzer.cljc" 717]
  [sci.impl.analyzer$return_if$reify__4933 eval "analyzer.cljc" 957]
  [sci.impl.fns$fun$arity_4__1483 invoke "fns.cljc" 133]
  [sci.impl.analyzer$return_call$reify__5253 eval "analyzer.cljc" 1756]
  [sci.impl.analyzer$analyze_let_STAR_$reify__4905 eval "analyzer.cljc" 762]
  [sci.impl.analyzer$return_do$reify__4622 eval "analyzer.cljc" 105]
  [sci.impl.analyzer$analyze_let_STAR_$reify__4899 eval "analyzer.cljc" 717]
  [sci.impl.analyzer$return_if$reify__4933 eval "analyzer.cljc" 957]
  [sci.impl.fns$fun$arity_4__1483 invoke "fns.cljc" 133]
  [sci.impl.analyzer$return_call$reify__5253 eval "analyzer.cljc" 1756]
  [sci.impl.analyzer$analyze_let_STAR_$reify__4905 eval "analyzer.cljc" 762]
  [sci.impl.analyzer$return_do$reify__4624 eval "analyzer.cljc" 111]
  [sci.impl.fns$fun$arity_0__1461 invoke "fns.cljc" 129]
  [babashka.impl.clojure.test$test_var_impl$fn__30077 invoke "test.clj" 720]
  [babashka.impl.clojure.test$test_var_impl invokeStatic "test.clj" 720]
  [babashka.impl.clojure.test$test_var_impl invoke "test.clj" 711]
  [sci.lang.Var invoke "lang.cljc" 217]
  [babashka.impl.clojure.test$test_vars$fn__30104$fn__30109 invoke "test.clj" 741]
  [babashka.impl.clojure.test$default_fixture invokeStatic "test.clj" 690]
  [babashka.impl.clojure.test$default_fixture invoke "test.clj" 686]
  [babashka.impl.clojure.test$test_vars$fn__30104 invoke "test.clj" 741]
  [babashka.impl.clojure.test$default_fixture invokeStatic "test.clj" 690]
  [babashka.impl.clojure.test$default_fixture invoke "test.clj" 686]
  [babashka.impl.clojure.test$test_vars invokeStatic "test.clj" 737]
  [babashka.impl.clojure.test$test_vars invoke "test.clj" 728]
  [sci.lang.Var invoke "lang.cljc" 217]
  [sci.impl.analyzer$return_call$reify__5179 eval "analyzer.cljc" 1756]
  [sci.impl.analyzer$return_do$reify__4622 eval "analyzer.cljc" 105]
  [sci.impl.evaluator$eval_try_plain invokeStatic "evaluator.cljc" 140]
  [sci.impl.evaluator$eval_try invokeStatic "evaluator.cljc" 149]
  [sci.impl.analyzer$analyze_try$reify__4965 eval "analyzer.cljc" 1046]
  [sci.impl.analyzer$return_do$reify__4622 eval "analyzer.cljc" 106]
  [sci.impl.analyzer$analyze_let_STAR_$reify__4897 eval "analyzer.cljc" 710]
  [sci.impl.interpreter$eval_form_STAR_ invokeStatic "interpreter.cljc" 60]
  [sci.impl.interpreter$eval_form invokeStatic "interpreter.cljc" 80]
  [sci.impl.interpreter$eval_string_STAR_ invokeStatic "interpreter.cljc" 104]
  [sci.impl.interpreter$eval_string_STAR_ invoke "interpreter.cljc" 89]
  [sci.impl.interpreter$eval_string_STAR_ invokeStatic "interpreter.cljc" 91]
  [sci.core$eval_string_STAR_ invokeStatic "core.cljc" 325]
  [babashka.main$exec$fn__30821$fn__30861$fn__30862 invoke "main.clj" 1124]
  [babashka.main$exec$fn__30821$fn__30861 invoke "main.clj" 1124]
  [babashka.main$exec$fn__30821 invoke "main.clj" 1114]
  [clojure.lang.AFn applyToHelper "AFn.java" 152]
  [clojure.lang.AFn applyTo "AFn.java" 144]
  [clojure.core$apply invokeStatic "core.clj" 667]
  [clojure.core$with_bindings_STAR_ invokeStatic "core.clj" 1994]
  [clojure.core$with_bindings_STAR_ doInvoke "core.clj" 1994]
  [clojure.lang.RestFn invoke "RestFn.java" 428]
  [babashka.main$exec invokeStatic "main.clj" 899]
  [babashka.main$main invokeStatic "main.clj" 1378]
  [babashka.main$main doInvoke "main.clj" 1292]
  [clojure.lang.RestFn applyTo "RestFn.java" 140]
  [clojure.core$apply invokeStatic "core.clj" 667]
  [babashka.main$_main invokeStatic "main.clj" 1404]
  [babashka.main$_main doInvoke "main.clj" 1395]
  [clojure.lang.RestFn applyTo "RestFn.java" 140]
  [babashka.main main nil -1]
  [java.lang.invoke.LambdaForm$DMH/sa346b79c invokeStaticInit "LambdaForm$DMH" -1]]} #error {
 :cause "typed refusal"
 :data {:error-type :invalid-xray-cardinality, :reason :field-refusal, :detail {:preserved true}}
 :via
 [{:type clojure.lang.ExceptionInfo
   :message "Invalid Clojure xray expression"
   :data {:expression "(form 'data)", :error-type :invalid-xray-expression, :allowed-forms ["A path returns literal evidence." "(expect-count path n)" "(analyze path pure-function)" "(form name)" "(form name platform)" "(line positive-line)" "(match path pattern)" "(where path predicates)" "(right path)" "(left path)" "(up path)" "(down path)" "(outermost path)" "(initializer path)" "(span path n)" "(partition-all path n)"], :remedy "Return a path, or end with analyze; add expect-count for exact cardinality.", :allowed-capabilities [:pure-control :collection-construction :collection-navigation :collection-transformation :higher-order-functions :predicates :numbers-and-strings :metadata :structural-builders], :reason :evaluation-failed, :allowed-symbol-count 238, :usage "clj-surgeon :op :xray :file FILE :expr EXPR", :cause-message "typed refusal"}
   :at [sci.lang.Var invoke "lang.cljc" 221]}
  {:type clojure.lang.ExceptionInfo
   :message "typed refusal"
   :data {:error-type :invalid-xray-cardinality, :reason :field-refusal, :detail {:preserved true}}
   :at [sci.lang.Var invoke "lang.cljc" 219]}]
 :trace
 [[sci.lang.Var invoke "lang.cljc" 219]
  [sci.impl.analyzer$return_call$reify__5247 eval "analyzer.cljc" 1756]
  [sci.impl.analyzer$analyze_let_STAR_$reify__4903 eval "analyzer.cljc" 737]
  [sci.impl.analyzer$return_do$reify__4622 eval "analyzer.cljc" 105]
  [sci.impl.analyzer$analyze_let_STAR_$reify__4899 eval "analyzer.cljc" 717]
  [sci.impl.analyzer$return_if$reify__4933 eval "analyzer.cljc" 957]
  [sci.impl.fns$fun$arity_4__1483 invoke "fns.cljc" 133]
  [sci.impl.analyzer$return_call$reify__5253 eval "analyzer.cljc" 1756]
  [sci.impl.analyzer$analyze_let_STAR_$reify__4905 eval "analyzer.cljc" 762]
  [sci.impl.analyzer$return_do$reify__4622 eval "analyzer.cljc" 105]
  [sci.impl.analyzer$analyze_let_STAR_$reify__4899 eval "analyzer.cljc" 717]
  [sci.impl.analyzer$return_if$reify__4933 eval "analyzer.cljc" 957]
  [sci.impl.fns$fun$arity_4__1483 invoke "fns.cljc" 133]
  [sci.impl.analyzer$return_call$reify__5253 eval "analyzer.cljc" 1756]
  [sci.impl.analyzer$analyze_let_STAR_$reify__4905 eval "analyzer.cljc" 762]
  [sci.impl.analyzer$return_do$reify__4624 eval "analyzer.cljc" 111]
  [sci.impl.fns$fun$arity_0__1461 invoke "fns.cljc" 129]
  [babashka.impl.clojure.test$test_var_impl$fn__30077 invoke "test.clj" 720]
  [babashka.impl.clojure.test$test_var_impl invokeStatic "test.clj" 720]
  [babashka.impl.clojure.test$test_var_impl invoke "test.clj" 711]
  [sci.lang.Var invoke "lang.cljc" 217]
  [babashka.impl.clojure.test$test_vars$fn__30104$fn__30109 invoke "test.clj" 741]
  [babashka.impl.clojure.test$default_fixture invokeStatic "test.clj" 690]
  [babashka.impl.clojure.test$default_fixture invoke "test.clj" 686]
  [babashka.impl.clojure.test$test_vars$fn__30104 invoke "test.clj" 741]
  [babashka.impl.clojure.test$default_fixture invokeStatic "test.clj" 690]
  [babashka.impl.clojure.test$default_fixture invoke "test.clj" 686]
  [babashka.impl.clojure.test$test_vars invokeStatic "test.clj" 737]
  [babashka.impl.clojure.test$test_vars invoke "test.clj" 728]
  [sci.lang.Var invoke "lang.cljc" 217]
  [sci.impl.analyzer$return_call$reify__5179 eval "analyzer.cljc" 1756]
  [sci.impl.analyzer$return_do$reify__4622 eval "analyzer.cljc" 105]
  [sci.impl.evaluator$eval_try_plain invokeStatic "evaluator.cljc" 140]
  [sci.impl.evaluator$eval_try invokeStatic "evaluator.cljc" 149]
  [sci.impl.analyzer$analyze_try$reify__4965 eval "analyzer.cljc" 1046]
  [sci.impl.analyzer$return_do$reify__4622 eval "analyzer.cljc" 106]
  [sci.impl.analyzer$analyze_let_STAR_$reify__4897 eval "analyzer.cljc" 710]
  [sci.impl.interpreter$eval_form_STAR_ invokeStatic "interpreter.cljc" 60]
  [sci.impl.interpreter$eval_form invokeStatic "interpreter.cljc" 80]
  [sci.impl.interpreter$eval_string_STAR_ invokeStatic "interpreter.cljc" 104]
  [sci.impl.interpreter$eval_string_STAR_ invoke "interpreter.cljc" 89]
  [sci.impl.interpreter$eval_string_STAR_ invokeStatic "interpreter.cljc" 91]
  [sci.core$eval_string_STAR_ invokeStatic "core.cljc" 325]
  [babashka.main$exec$fn__30821$fn__30861$fn__30862 invoke "main.clj" 1124]
  [babashka.main$exec$fn__30821$fn__30861 invoke "main.clj" 1124]
  [babashka.main$exec$fn__30821 invoke "main.clj" 1114]
  [clojure.lang.AFn applyToHelper "AFn.java" 152]
  [clojure.lang.AFn applyTo "AFn.java" 144]
  [clojure.core$apply invokeStatic "core.clj" 667]
  [clojure.core$with_bindings_STAR_ invokeStatic "core.clj" 1994]
  [clojure.core$with_bindings_STAR_ doInvoke "core.clj" 1994]
  [clojure.lang.RestFn invoke "RestFn.java" 428]
  [babashka.main$exec invokeStatic "main.clj" 899]
  [babashka.main$main invokeStatic "main.clj" 1378]
  [babashka.main$main doInvoke "main.clj" 1292]
  [clojure.lang.RestFn applyTo "RestFn.java" 140]
  [clojure.core$apply invokeStatic "core.clj" 667]
  [babashka.main$_main invokeStatic "main.clj" 1404]
  [babashka.main$_main doInvoke "main.clj" 1395]
  [clojure.lang.RestFn applyTo "RestFn.java" 140]
  [babashka.main main nil -1]
  [java.lang.invoke.LambdaForm$DMH/sa346b79c invokeStaticInit "LambdaForm$DMH" -1]]}))

FAIL in (evaluation-preserves-typed-refusals-and-untyped-cause-messages) (/home/forge/src/clj-surgeon-bbtower/test/clj_surgeon/xray_test.clj:134)
expected: (= (ex-data refusal) (ex-data caught))
  actual: (not (= {:error-type :invalid-xray-cardinality, :reason :field-refusal, :detail {:preserved true}} {:expression "(form 'data)", :error-type :invalid-xray-expression, :allowed-forms ["A path returns literal evidence." "(expect-count path n)" "(analyze path pure-function)" "(form name)" "(form name platform)" "(line positive-line)" "(match path pattern)" "(where path predicates)" "(right path)" "(left path)" "(up path)" "(down path)" "(outermost path)" "(initializer path)" "(span path n)" "(partition-all path n)"], :remedy "Return a path, or end with analyze; add expect-count for exact cardinality.", :allowed-capabilities [:pure-control :collection-construction :collection-navigation :collection-transformation :higher-order-functions :predicates :numbers-and-strings :metadata :structural-builders], :reason :evaluation-failed, :allowed-symbol-count 238, :usage "clj-surgeon :op :xray :file FILE :expr EXPR", :cause-message "typed refusal"}))

FAIL in (evaluation-preserves-typed-refusals-and-untyped-cause-messages) (/home/forge/src/clj-surgeon-bbtower/test/clj_surgeon/xray_test.clj:134)
expected: (identical? refusal caught)
  actual: (not (identical? #error {
 :cause "typed builder refusal"
 :data {:error-type :invalid-xray-cardinality, :reason :field-refusal}
 :via
 [{:type clojure.lang.ExceptionInfo
   :message "typed builder refusal"
   :data {:error-type :invalid-xray-cardinality, :reason :field-refusal}
   :at [sci.lang.Var invoke "lang.cljc" 219]}]
 :trace
 [[sci.lang.Var invoke "lang.cljc" 219]
  [sci.impl.analyzer$return_call$reify__5247 eval "analyzer.cljc" 1756]
  [sci.impl.analyzer$analyze_let_STAR_$reify__4903 eval "analyzer.cljc" 737]
  [sci.impl.analyzer$return_do$reify__4622 eval "analyzer.cljc" 105]
  [sci.impl.analyzer$analyze_let_STAR_$reify__4899 eval "analyzer.cljc" 717]
  [sci.impl.analyzer$return_if$reify__4933 eval "analyzer.cljc" 957]
  [sci.impl.fns$fun$arity_4__1483 invoke "fns.cljc" 133]
  [sci.impl.analyzer$return_call$reify__5253 eval "analyzer.cljc" 1756]
  [sci.impl.analyzer$analyze_let_STAR_$reify__4905 eval "analyzer.cljc" 762]
  [sci.impl.analyzer$return_do$reify__4624 eval "analyzer.cljc" 112]
  [sci.impl.fns$fun$arity_0__1461 invoke "fns.cljc" 129]
  [babashka.impl.clojure.test$test_var_impl$fn__30077 invoke "test.clj" 720]
  [babashka.impl.clojure.test$test_var_impl invokeStatic "test.clj" 720]
  [babashka.impl.clojure.test$test_var_impl invoke "test.clj" 711]
  [sci.lang.Var invoke "lang.cljc" 217]
  [babashka.impl.clojure.test$test_vars$fn__30104$fn__30109 invoke "test.clj" 741]
  [babashka.impl.clojure.test$default_fixture invokeStatic "test.clj" 690]
  [babashka.impl.clojure.test$default_fixture invoke "test.clj" 686]
  [babashka.impl.clojure.test$test_vars$fn__30104 invoke "test.clj" 741]
  [babashka.impl.clojure.test$default_fixture invokeStatic "test.clj" 690]
  [babashka.impl.clojure.test$default_fixture invoke "test.clj" 686]
  [babashka.impl.clojure.test$test_vars invokeStatic "test.clj" 737]
  [babashka.impl.clojure.test$test_vars invoke "test.clj" 728]
  [sci.lang.Var invoke "lang.cljc" 217]
  [sci.impl.analyzer$return_call$reify__5179 eval "analyzer.cljc" 1756]
  [sci.impl.analyzer$return_do$reify__4622 eval "analyzer.cljc" 105]
  [sci.impl.evaluator$eval_try_plain invokeStatic "evaluator.cljc" 140]
  [sci.impl.evaluator$eval_try invokeStatic "evaluator.cljc" 149]
  [sci.impl.analyzer$analyze_try$reify__4965 eval "analyzer.cljc" 1046]
  [sci.impl.analyzer$return_do$reify__4622 eval "analyzer.cljc" 106]
  [sci.impl.analyzer$analyze_let_STAR_$reify__4897 eval "analyzer.cljc" 710]
  [sci.impl.interpreter$eval_form_STAR_ invokeStatic "interpreter.cljc" 60]
  [sci.impl.interpreter$eval_form invokeStatic "interpreter.cljc" 80]
  [sci.impl.interpreter$eval_string_STAR_ invokeStatic "interpreter.cljc" 104]
  [sci.impl.interpreter$eval_string_STAR_ invoke "interpreter.cljc" 89]
  [sci.impl.interpreter$eval_string_STAR_ invokeStatic "interpreter.cljc" 91]
  [sci.core$eval_string_STAR_ invokeStatic "core.cljc" 325]
  [babashka.main$exec$fn__30821$fn__30861$fn__30862 invoke "main.clj" 1124]
  [babashka.main$exec$fn__30821$fn__30861 invoke "main.clj" 1124]
  [babashka.main$exec$fn__30821 invoke "main.clj" 1114]
  [clojure.lang.AFn applyToHelper "AFn.java" 152]
  [clojure.lang.AFn applyTo "AFn.java" 144]
  [clojure.core$apply invokeStatic "core.clj" 667]
  [clojure.core$with_bindings_STAR_ invokeStatic "core.clj" 1994]
  [clojure.core$with_bindings_STAR_ doInvoke "core.clj" 1994]
  [clojure.lang.RestFn invoke "RestFn.java" 428]
  [babashka.main$exec invokeStatic "main.clj" 899]
  [babashka.main$main invokeStatic "main.clj" 1378]
  [babashka.main$main doInvoke "main.clj" 1292]
  [clojure.lang.RestFn applyTo "RestFn.java" 140]
  [clojure.core$apply invokeStatic "core.clj" 667]
  [babashka.main$_main invokeStatic "main.clj" 1404]
  [babashka.main$_main doInvoke "main.clj" 1395]
  [clojure.lang.RestFn applyTo "RestFn.java" 140]
  [babashka.main main nil -1]
  [java.lang.invoke.LambdaForm$DMH/sa346b79c invokeStaticInit "LambdaForm$DMH" -1]]} #error {
 :cause "typed builder refusal"
 :data {:error-type :invalid-xray-cardinality, :reason :field-refusal}
 :via
 [{:type clojure.lang.ExceptionInfo
   :message "Invalid Clojure xray expression"
   :data {:expression "(form 'data)", :error-type :invalid-xray-expression, :allowed-forms ["A path returns literal evidence." "(expect-count path n)" "(analyze path pure-function)" "(form name)" "(form name platform)" "(line positive-line)" "(match path pattern)" "(where path predicates)" "(right path)" "(left path)" "(up path)" "(down path)" "(outermost path)" "(initializer path)" "(span path n)" "(partition-all path n)"], :remedy "Return a path, or end with analyze; add expect-count for exact cardinality.", :allowed-capabilities [:pure-control :collection-construction :collection-navigation :collection-transformation :higher-order-functions :predicates :numbers-and-strings :metadata :structural-builders], :reason :evaluation-failed, :allowed-symbol-count 238, :usage "clj-surgeon :op :xray :file FILE :expr EXPR", :cause-message "typed builder refusal"}
   :at [sci.lang.Var invoke "lang.cljc" 221]}
  {:type clojure.lang.ExceptionInfo
   :message "typed builder refusal"
   :data {:error-type :invalid-xray-cardinality, :reason :field-refusal}
   :at [sci.lang.Var invoke "lang.cljc" 219]}]
 :trace
 [[sci.lang.Var invoke "lang.cljc" 219]
  [sci.impl.analyzer$return_call$reify__5247 eval "analyzer.cljc" 1756]
  [sci.impl.analyzer$analyze_let_STAR_$reify__4903 eval "analyzer.cljc" 737]
  [sci.impl.analyzer$return_do$reify__4622 eval "analyzer.cljc" 105]
  [sci.impl.analyzer$analyze_let_STAR_$reify__4899 eval "analyzer.cljc" 717]
  [sci.impl.analyzer$return_if$reify__4933 eval "analyzer.cljc" 957]
  [sci.impl.fns$fun$arity_4__1483 invoke "fns.cljc" 133]
  [sci.impl.analyzer$return_call$reify__5253 eval "analyzer.cljc" 1756]
  [sci.impl.analyzer$analyze_let_STAR_$reify__4905 eval "analyzer.cljc" 762]
  [sci.impl.analyzer$return_do$reify__4624 eval "analyzer.cljc" 112]
  [sci.impl.fns$fun$arity_0__1461 invoke "fns.cljc" 129]
  [babashka.impl.clojure.test$test_var_impl$fn__30077 invoke "test.clj" 720]
  [babashka.impl.clojure.test$test_var_impl invokeStatic "test.clj" 720]
  [babashka.impl.clojure.test$test_var_impl invoke "test.clj" 711]
  [sci.lang.Var invoke "lang.cljc" 217]
  [babashka.impl.clojure.test$test_vars$fn__30104$fn__30109 invoke "test.clj" 741]
  [babashka.impl.clojure.test$default_fixture invokeStatic "test.clj" 690]
  [babashka.impl.clojure.test$default_fixture invoke "test.clj" 686]
  [babashka.impl.clojure.test$test_vars$fn__30104 invoke "test.clj" 741]
  [babashka.impl.clojure.test$default_fixture invokeStatic "test.clj" 690]
  [babashka.impl.clojure.test$default_fixture invoke "test.clj" 686]
  [babashka.impl.clojure.test$test_vars invokeStatic "test.clj" 737]
  [babashka.impl.clojure.test$test_vars invoke "test.clj" 728]
  [sci.lang.Var invoke "lang.cljc" 217]
  [sci.impl.analyzer$return_call$reify__5179 eval "analyzer.cljc" 1756]
  [sci.impl.analyzer$return_do$reify__4622 eval "analyzer.cljc" 105]
  [sci.impl.evaluator$eval_try_plain invokeStatic "evaluator.cljc" 140]
  [sci.impl.evaluator$eval_try invokeStatic "evaluator.cljc" 149]
  [sci.impl.analyzer$analyze_try$reify__4965 eval "analyzer.cljc" 1046]
  [sci.impl.analyzer$return_do$reify__4622 eval "analyzer.cljc" 106]
  [sci.impl.analyzer$analyze_let_STAR_$reify__4897 eval "analyzer.cljc" 710]
  [sci.impl.interpreter$eval_form_STAR_ invokeStatic "interpreter.cljc" 60]
  [sci.impl.interpreter$eval_form invokeStatic "interpreter.cljc" 80]
  [sci.impl.interpreter$eval_string_STAR_ invokeStatic "interpreter.cljc" 104]
  [sci.impl.interpreter$eval_string_STAR_ invoke "interpreter.cljc" 89]
  [sci.impl.interpreter$eval_string_STAR_ invokeStatic "interpreter.cljc" 91]
  [sci.core$eval_string_STAR_ invokeStatic "core.cljc" 325]
  [babashka.main$exec$fn__30821$fn__30861$fn__30862 invoke "main.clj" 1124]
  [babashka.main$exec$fn__30821$fn__30861 invoke "main.clj" 1124]
  [babashka.main$exec$fn__30821 invoke "main.clj" 1114]
  [clojure.lang.AFn applyToHelper "AFn.java" 152]
  [clojure.lang.AFn applyTo "AFn.java" 144]
  [clojure.core$apply invokeStatic "core.clj" 667]
  [clojure.core$with_bindings_STAR_ invokeStatic "core.clj" 1994]
  [clojure.core$with_bindings_STAR_ doInvoke "core.clj" 1994]
  [clojure.lang.RestFn invoke "RestFn.java" 428]
  [babashka.main$exec invokeStatic "main.clj" 899]
  [babashka.main$main invokeStatic "main.clj" 1378]
  [babashka.main$main doInvoke "main.clj" 1292]
  [clojure.lang.RestFn applyTo "RestFn.java" 140]
  [clojure.core$apply invokeStatic "core.clj" 667]
  [babashka.main$_main invokeStatic "main.clj" 1404]
  [babashka.main$_main doInvoke "main.clj" 1395]
  [clojure.lang.RestFn applyTo "RestFn.java" 140]
  [babashka.main main nil -1]
  [java.lang.invoke.LambdaForm$DMH/sa346b79c invokeStaticInit "LambdaForm$DMH" -1]]}))

FAIL in (evaluation-preserves-typed-refusals-and-untyped-cause-messages) (/home/forge/src/clj-surgeon-bbtower/test/clj_surgeon/xray_test.clj:134)
expected: (= (ex-data refusal) (ex-data caught))
  actual: (not (= {:error-type :invalid-xray-cardinality, :reason :field-refusal} {:expression "(form 'data)", :error-type :invalid-xray-expression, :allowed-forms ["A path returns literal evidence." "(expect-count path n)" "(analyze path pure-function)" "(form name)" "(form name platform)" "(line positive-line)" "(match path pattern)" "(where path predicates)" "(right path)" "(left path)" "(up path)" "(down path)" "(outermost path)" "(initializer path)" "(span path n)" "(partition-all path n)"], :remedy "Return a path, or end with analyze; add expect-count for exact cardinality.", :allowed-capabilities [:pure-control :collection-construction :collection-navigation :collection-transformation :higher-order-functions :predicates :numbers-and-strings :metadata :structural-builders], :reason :evaluation-failed, :allowed-symbol-count 238, :usage "clj-surgeon :op :xray :file FILE :expr EXPR", :cause-message "typed builder refusal"}))
{:test 1, :pass 15, :fail 6, :error 0}
