
Testing clj-surgeon.ns-isolation-test

ERROR in (the-probe-really-reads-the-ledger-not-only-the-planted-map) (/home/forge/src/clj-surgeon-bbtower/test/clj_surgeon/ns_isolation_test.clj:115)
Uncaught exception, not in assertion.
expected: nil
  actual: clojure.lang.ExceptionInfo: Cannot reflectively invoke method 'public java.lang.Object sci.lang.Var.getRawRoot()'. To allow this operation, add the following to the 'reflection' section of 'reachability-metadata.json' and rebuild the native image:

  {
    "type": "sci.lang.Var",
    "methods": [
      {
        "name": "getRawRoot",
        "parameterTypes": []
      }
    ]
  }

The 'reachability-metadata.json' file should be located in 'META-INF/native-image/<group-id>/<artifact-id>/' of your project. For further help, see https://www.graalvm.org/latest/reference-manual/native-image/metadata/#reflection
{:type :sci/error, :line 455, :column 3, :message "Cannot reflectively invoke method 'public java.lang.Object sci.lang.Var.getRawRoot()'. To allow this operation, add the following to the 'reflection' section of 'reachability-metadata.json' and rebuild the native image:\n\n  {\n    \"type\": \"sci.lang.Var\",\n    \"methods\": [\n      {\n        \"name\": \"getRawRoot\",\n        \"parameterTypes\": []\n      }\n    ]\n  }\n\nThe 'reachability-metadata.json' file should be located in 'META-INF/native-image/<group-id>/<artifact-id>/' of your project. For further help, see https://www.graalvm.org/latest/reference-manual/native-image/metadata/#reflection", :sci.impl/callstack #object[clojure.lang.Volatile 0x20a8973f {:status :ready, :val (#sci.impl.utils.StackFrame{:line 128, :column 3, :end-line nil, :end-column nil, :ns #object[sci.lang.Namespace 0x6056789e "clj-surgeon.ns-isolation-test"], :file "/home/forge/src/clj-surgeon-bbtower/test/clj_surgeon/ns_isolation_test.clj", :f-meta {:name with-redefs-fn, :doc "Temporarily redefines Vars during a call to func.  Each val of\n  binding-map will replace the root value of its key which must be\n  a Var.  After func is called with no args, the root values of all\n  the Vars will be set back to their old values.  These temporary\n  changes will be visible in all threads.  Useful for mocking out\n  functions during testing.", :arglists ([binding-map func]), :file "clojure/core.clj", :line 7694, :column 1, :ns #object[sci.lang.Namespace 0x17237673 "clojure.core"], :sci/built-in true}, :special false} #sci.impl.utils.StackFrame{:line 130, :column 18, :end-line nil, :end-column nil, :ns #object[sci.lang.Namespace 0x6056789e "clj-surgeon.ns-isolation-test"], :file "/home/forge/src/clj-surgeon-bbtower/test/clj_surgeon/ns_isolation_test.clj", :f-meta {:arglists ([repo-root]), :doc "One snapshot of every resource the six witnesses watch.\n\n   The process set is captured LAST here and FIRST in the paired call (see\n   `probe-after`), so this fixture's own filesystem and /proc reads can never\n   land inside the window it measures.", :line 488, :column 1, :ns #object[sci.lang.Namespace 0x33c184ba "clj-surgeon.ns-isolation"], :name probe, :file "/home/forge/src/clj-surgeon-bbtower/test/clj_surgeon/ns_isolation.clj"}, :special false} #sci.impl.utils.StackFrame{:line 501, :column 17, :end-line nil, :end-column nil, :ns #object[sci.lang.Namespace 0x33c184ba "clj-surgeon.ns-isolation"], :file "/home/forge/src/clj-surgeon-bbtower/test/clj_surgeon/ns_isolation.clj", :f-meta {:arglists ([]), :doc "@spec TEST-ISO-005 -- fully-qualified var symbol -> IDENTITY hash of its\n   root value. Identity, not equality, and the raw root, not a deref: a\n   `with-redefs` that leaked (a test that threw inside the body, a future that\n   outlived it) swaps the root for a different object, which identity sees and\n   value equality can miss. `getRawRoot` also never FORCES anything -- a\n   `delay` or a `promise` held in a var is observed, not realised, which a\n   `deref`-based probe would corrupt on the way to measuring it.", :line 446, :column 1, :ns #object[sci.lang.Namespace 0x33c184ba "clj-surgeon.ns-isolation"], :name var-root-identities, :file "/home/forge/src/clj-surgeon-bbtower/test/clj_surgeon/ns_isolation.clj"}, :special false} #sci.impl.utils.StackFrame{:line 455, :column 3, :end-line nil, :end-column nil, :ns #object[sci.lang.Namespace 0x33c184ba "clj-surgeon.ns-isolation"], :file "/home/forge/src/clj-surgeon-bbtower/test/clj_surgeon/ns_isolation.clj", :f-meta {:name into, :doc "Returns a new coll consisting of to with all of the items of\n  from conjoined. A transducer may be supplied.\n  (into x) returns x. (into) returns [].", :arglists ([] [to] [to from] [to xform from]), :file "clojure/core.clj", :line 7033, :column 1, :ns #object[sci.lang.Namespace 0x17237673 "clojure.core"], :sci/built-in true}, :special false})}], :file "/home/forge/src/clj-surgeon-bbtower/test/clj_surgeon/ns_isolation.clj"}
 at sci.impl.utils$rethrow_with_location_of_node.invokeStatic (utils.cljc:173)
    sci.impl.analyzer$return_call$reify__5251.eval (analyzer.cljc:1756)
    sci.impl.fns$fun$arity_0__1461.invoke (fns.cljc:129)
    sci.lang.Var.invoke (lang.cljc:215)
    sci.impl.analyzer$return_call$reify__5153.eval (analyzer.cljc:1756)
    sci.impl.evaluator$fn_call$fn__4584.invoke (evaluator.cljc:401)
    clojure.core$mapv$fn__8569.invoke (core.clj:7063)
    clojure.lang.PersistentVector.reduce (PersistentVector.java:418)
    clojure.core$reduce.invokeStatic (core.clj:6968)
    clojure.core$mapv.invokeStatic (core.clj:7054)
    sci.impl.evaluator$fn_call.invokeStatic (evaluator.cljc:412)
    sci.impl.analyzer$return_call$reify__5319.eval (analyzer.cljc:1756)
    sci.impl.analyzer$analyze_let_STAR_$reify__4899.eval (analyzer.cljc:717)
    sci.impl.fns$fun$arity_1__1465.invoke (fns.cljc:130)
    sci.lang.Var.invoke (lang.cljc:217)
    sci.impl.analyzer$return_call$reify__5177.eval (analyzer.cljc:1756)
    sci.impl.analyzer$analyze_let_STAR_$reify__4907.eval (analyzer.cljc:777)
    sci.impl.fns$fun$arity_0__1461.invoke (fns.cljc:129)
    sci.impl.namespaces$sci_with_redefs_fn.invokeStatic (namespaces.cljc:801)
    sci.impl.namespaces$sci_with_redefs_fn.invoke (namespaces.cljc:792)
    sci.lang.Var.invoke (lang.cljc:219)
    sci.impl.analyzer$return_call$reify__5247.eval (analyzer.cljc:1756)
    sci.impl.fns$fun$arity_0__1461.invoke (fns.cljc:129)
    babashka.impl.clojure.test$test_var_impl$fn__30077.invoke (test.clj:720)
    babashka.impl.clojure.test$test_var_impl.invokeStatic (test.clj:720)
    babashka.impl.clojure.test$test_var_impl.invoke (test.clj:711)
    sci.lang.Var.invoke (lang.cljc:217)
    babashka.impl.clojure.test$test_vars$fn__30104$fn__30109.invoke (test.clj:741)
    babashka.impl.clojure.test$default_fixture.invokeStatic (test.clj:690)
    babashka.impl.clojure.test$default_fixture.invoke (test.clj:686)
    babashka.impl.clojure.test$test_vars$fn__30104.invoke (test.clj:741)
    babashka.impl.clojure.test$default_fixture.invokeStatic (test.clj:690)
    babashka.impl.clojure.test$default_fixture.invoke (test.clj:686)
    babashka.impl.clojure.test$test_vars.invokeStatic (test.clj:737)
    babashka.impl.clojure.test$test_all_vars.invokeStatic (test.clj:744)
    babashka.impl.clojure.test$test_ns.invokeStatic (test.clj:766)
    babashka.impl.clojure.test$run_tests$fn__30124.invoke (test.clj:783)
    clojure.core$map$fn__5956.invoke (core.clj:2776)
    clojure.lang.LazySeq.force (LazySeq.java:50)
    clojure.lang.LazySeq.realize (LazySeq.java:87)
    clojure.lang.LazySeq.seq (LazySeq.java:104)
    clojure.lang.Cons.next (Cons.java:41)
    clojure.lang.RT.boundedLength (RT.java:1810)
    clojure.lang.RestFn.applyTo (RestFn.java:133)
    clojure.core$apply.invokeStatic (core.clj:669)
    babashka.impl.clojure.test$run_tests.invokeStatic (test.clj:776)
    babashka.impl.clojure.test$run_tests.doInvoke (test.clj:776)
    clojure.lang.RestFn.applyTo (RestFn.java:142)
    clojure.core$apply.invokeStatic (core.clj:669)
    babashka.impl.test$contextualize$fn__30140.doInvoke (test.clj:7)
    clojure.lang.RestFn.invoke (RestFn.java:411)
    sci.lang.Var.invoke (lang.cljc:217)
    sci.impl.analyzer$return_call$reify__5179.eval (analyzer.cljc:1756)
    sci.impl.analyzer$analyze_let_STAR_$reify__4899.eval (analyzer.cljc:715)
    sci.impl.interpreter$eval_form_STAR_.invokeStatic (interpreter.cljc:60)
    sci.impl.interpreter$eval_form.invokeStatic (interpreter.cljc:80)
    sci.impl.interpreter$eval_string_STAR_.invokeStatic (interpreter.cljc:104)
    sci.impl.interpreter$eval_string_STAR_.invoke (interpreter.cljc:89)
    sci.impl.interpreter$eval_string_STAR_.invokeStatic (interpreter.cljc:91)
    sci.core$eval_string_STAR_.invokeStatic (core.cljc:325)
    babashka.main$exec$fn__30821$fn__30861$fn__30862.invoke (main.clj:1124)
    babashka.main$exec$fn__30821$fn__30861.invoke (main.clj:1124)
    babashka.main$exec$fn__30821.invoke (main.clj:1114)
    clojure.lang.AFn.applyToHelper (AFn.java:152)
    clojure.lang.AFn.applyTo (AFn.java:144)
    clojure.core$apply.invokeStatic (core.clj:667)
    clojure.core$with_bindings_STAR_.invokeStatic (core.clj:1994)
    clojure.core$with_bindings_STAR_.doInvoke (core.clj:1994)
    clojure.lang.RestFn.invoke (RestFn.java:428)
    babashka.main$exec.invokeStatic (main.clj:899)
    babashka.main$main.invokeStatic (main.clj:1378)
    babashka.main$main.doInvoke (main.clj:1292)
    clojure.lang.RestFn.applyTo (RestFn.java:140)
    clojure.core$apply.invokeStatic (core.clj:667)
    babashka.main$_main.invokeStatic (main.clj:1404)
    babashka.main$_main.doInvoke (main.clj:1395)
    clojure.lang.RestFn.applyTo (RestFn.java:140)
    babashka.main.main (:-1)
    java.lang.invoke.LambdaForm$DMH/sa346b79c.invokeStaticInit (LambdaForm$DMH:-1)
Caused by: org.graalvm.nativeimage.MissingReflectionRegistrationError: Cannot reflectively invoke method 'public java.lang.Object sci.lang.Var.getRawRoot()'. To allow this operation, add the following to the 'reflection' section of 'reachability-metadata.json' and rebuild the native image:

  {
    "type": "sci.lang.Var",
    "methods": [
      {
        "name": "getRawRoot",
        "parameterTypes": []
      }
    ]
  }

The 'reachability-metadata.json' file should be located in 'META-INF/native-image/<group-id>/<artifact-id>/' of your project. For further help, see https://www.graalvm.org/latest/reference-manual/native-image/metadata/#reflection
 at com.oracle.svm.core.reflect.MissingReflectionRegistrationUtils.reportInvokedExecutable (MissingReflectionRegistrationUtils.java:110)
    java.lang.reflect.Method.acquireMethodAccessor (Method.java:144)
    java.lang.reflect.Method.invoke (Method.java:562)
    sci.impl.reflector$invoke_matching_method.invokeStatic (reflector.cljc:316)
    sci.impl.interop$invoke_instance_method_with_methods.invokeStatic (interop.cljc:55)
    sci.impl.evaluator$eval_instance_method_invocation.invokeStatic (evaluator.cljc:300)
    sci.impl.analyzer$analyze_instance_method$reify__4986.eval (analyzer.cljc:1134)
    sci.impl.interop$invoke_static_method.invokeStatic (interop.cljc:120)
    sci.impl.analyzer$analyze_dot$static_method$reify__5005.eval (analyzer.cljc:1209)
    sci.impl.analyzer$return_call$reify__5247.eval (analyzer.cljc:1756)
    sci.impl.analyzer$analyze_let_STAR_$reify__4903.eval (analyzer.cljc:743)
    sci.impl.fns$fun$arity_1__1465.invoke (fns.cljc:130)
    clojure.core$map$fn__5952$fn__5953.invoke (core.clj:2763)
    clojure.core.protocols$fn__8279.invokeStatic (protocols.clj:167)
    clojure.core.protocols/fn (protocols.clj:123)
    clojure.core.protocols$fn__8233$G__8228__8242.invoke (protocols.clj:19)
    clojure.core.protocols$seq_reduce.invokeStatic (protocols.clj:31)
    clojure.core.protocols$fn__8266.invokeStatic (protocols.clj:74)
    clojure.core.protocols/fn (protocols.clj:74)
    clojure.core.protocols$fn__8207$G__8202__8220.invoke (protocols.clj:13)
    clojure.core$transduce.invokeStatic (core.clj:7030)
    clojure.core$into.invokeStatic (core.clj:7046)
    clojure.core$into.invoke (core.clj:7033)
    sci.lang.Var.invoke (lang.cljc:221)
    sci.impl.analyzer$return_call$reify__5251.eval (analyzer.cljc:1756)
    sci.impl.fns$fun$arity_0__1461.invoke (fns.cljc:129)
    sci.lang.Var.invoke (lang.cljc:215)
    sci.impl.analyzer$return_call$reify__5153.eval (analyzer.cljc:1756)
    sci.impl.evaluator$fn_call$fn__4584.invoke (evaluator.cljc:401)
    clojure.core$mapv$fn__8569.invoke (core.clj:7063)
    clojure.lang.PersistentVector.reduce (PersistentVector.java:418)
    clojure.core$reduce.invokeStatic (core.clj:6968)
    clojure.core$mapv.invokeStatic (core.clj:7054)
    sci.impl.evaluator$fn_call.invokeStatic (evaluator.cljc:412)
    sci.impl.analyzer$return_call$reify__5319.eval (analyzer.cljc:1756)
    sci.impl.analyzer$analyze_let_STAR_$reify__4899.eval (analyzer.cljc:717)
    sci.impl.fns$fun$arity_1__1465.invoke (fns.cljc:130)
    sci.lang.Var.invoke (lang.cljc:217)
    sci.impl.analyzer$return_call$reify__5177.eval (analyzer.cljc:1756)
    sci.impl.analyzer$analyze_let_STAR_$reify__4907.eval (analyzer.cljc:777)
    sci.impl.fns$fun$arity_0__1461.invoke (fns.cljc:129)
    sci.impl.namespaces$sci_with_redefs_fn.invokeStatic (namespaces.cljc:801)
    sci.impl.namespaces$sci_with_redefs_fn.invoke (namespaces.cljc:792)
    sci.lang.Var.invoke (lang.cljc:219)
    sci.impl.analyzer$return_call$reify__5247.eval (analyzer.cljc:1756)
    sci.impl.fns$fun$arity_0__1461.invoke (fns.cljc:129)
    babashka.impl.clojure.test$test_var_impl$fn__30077.invoke (test.clj:720)
    babashka.impl.clojure.test$test_var_impl.invokeStatic (test.clj:720)
    babashka.impl.clojure.test$test_var_impl.invoke (test.clj:711)
    sci.lang.Var.invoke (lang.cljc:217)
    babashka.impl.clojure.test$test_vars$fn__30104$fn__30109.invoke (test.clj:741)
    babashka.impl.clojure.test$default_fixture.invokeStatic (test.clj:690)
    babashka.impl.clojure.test$default_fixture.invoke (test.clj:686)
    babashka.impl.clojure.test$test_vars$fn__30104.invoke (test.clj:741)
    babashka.impl.clojure.test$default_fixture.invokeStatic (test.clj:690)
    babashka.impl.clojure.test$default_fixture.invoke (test.clj:686)
    babashka.impl.clojure.test$test_vars.invokeStatic (test.clj:737)
    babashka.impl.clojure.test$test_all_vars.invokeStatic (test.clj:744)
    babashka.impl.clojure.test$test_ns.invokeStatic (test.clj:766)
    babashka.impl.clojure.test$run_tests$fn__30124.invoke (test.clj:783)
    clojure.core$map$fn__5956.invoke (core.clj:2776)
    clojure.lang.LazySeq.force (LazySeq.java:50)
    clojure.lang.LazySeq.realize (LazySeq.java:87)
    clojure.lang.LazySeq.seq (LazySeq.java:104)
    clojure.lang.Cons.next (Cons.java:41)
    clojure.lang.RT.boundedLength (RT.java:1810)
    clojure.lang.RestFn.applyTo (RestFn.java:133)
    clojure.core$apply.invokeStatic (core.clj:669)
    babashka.impl.clojure.test$run_tests.invokeStatic (test.clj:776)
    babashka.impl.clojure.test$run_tests.doInvoke (test.clj:776)
    clojure.lang.RestFn.applyTo (RestFn.java:142)
    clojure.core$apply.invokeStatic (core.clj:669)
    babashka.impl.test$contextualize$fn__30140.doInvoke (test.clj:7)
    clojure.lang.RestFn.invoke (RestFn.java:411)
    sci.lang.Var.invoke (lang.cljc:217)
    sci.impl.analyzer$return_call$reify__5179.eval (analyzer.cljc:1756)
    sci.impl.analyzer$analyze_let_STAR_$reify__4899.eval (analyzer.cljc:715)
    sci.impl.interpreter$eval_form_STAR_.invokeStatic (interpreter.cljc:60)
    sci.impl.interpreter$eval_form.invokeStatic (interpreter.cljc:80)
    sci.impl.interpreter$eval_string_STAR_.invokeStatic (interpreter.cljc:104)
    sci.impl.interpreter$eval_string_STAR_.invoke (interpreter.cljc:89)
    sci.impl.interpreter$eval_string_STAR_.invokeStatic (interpreter.cljc:91)
    sci.core$eval_string_STAR_.invokeStatic (core.cljc:325)
    babashka.main$exec$fn__30821$fn__30861$fn__30862.invoke (main.clj:1124)
    babashka.main$exec$fn__30821$fn__30861.invoke (main.clj:1124)
    babashka.main$exec$fn__30821.invoke (main.clj:1114)
    clojure.lang.AFn.applyToHelper (AFn.java:152)
    clojure.lang.AFn.applyTo (AFn.java:144)
    clojure.core$apply.invokeStatic (core.clj:667)
    clojure.core$with_bindings_STAR_.invokeStatic (core.clj:1994)
    clojure.core$with_bindings_STAR_.doInvoke (core.clj:1994)
    clojure.lang.RestFn.invoke (RestFn.java:428)
    babashka.main$exec.invokeStatic (main.clj:899)
    babashka.main$main.invokeStatic (main.clj:1378)
    babashka.main$main.doInvoke (main.clj:1292)
    clojure.lang.RestFn.applyTo (RestFn.java:140)
    clojure.core$apply.invokeStatic (core.clj:667)
    babashka.main$_main.invokeStatic (main.clj:1404)
    babashka.main$_main.doInvoke (main.clj:1395)
    clojure.lang.RestFn.applyTo (RestFn.java:140)
    babashka.main.main (:-1)
    java.lang.invoke.LambdaForm$DMH/sa346b79c.invokeStaticInit (LambdaForm$DMH:-1)

ERROR in (a-clean-namespace-produces-no-violations-at-all) (/home/forge/src/clj-surgeon-bbtower/test/clj_surgeon/ns_isolation_test.clj:563)
Uncaught exception, not in assertion.
expected: nil
  actual: clojure.lang.ExceptionInfo: Cannot reflectively invoke method 'public java.lang.Object sci.lang.Var.getRawRoot()'. To allow this operation, add the following to the 'reflection' section of 'reachability-metadata.json' and rebuild the native image:

  {
    "type": "sci.lang.Var",
    "methods": [
      {
        "name": "getRawRoot",
        "parameterTypes": []
      }
    ]
  }

The 'reachability-metadata.json' file should be located in 'META-INF/native-image/<group-id>/<artifact-id>/' of your project. For further help, see https://www.graalvm.org/latest/reference-manual/native-image/metadata/#reflection
{:type :sci/error, :line 455, :column 3, :message "Cannot reflectively invoke method 'public java.lang.Object sci.lang.Var.getRawRoot()'. To allow this operation, add the following to the 'reflection' section of 'reachability-metadata.json' and rebuild the native image:\n\n  {\n    \"type\": \"sci.lang.Var\",\n    \"methods\": [\n      {\n        \"name\": \"getRawRoot\",\n        \"parameterTypes\": []\n      }\n    ]\n  }\n\nThe 'reachability-metadata.json' file should be located in 'META-INF/native-image/<group-id>/<artifact-id>/' of your project. For further help, see https://www.graalvm.org/latest/reference-manual/native-image/metadata/#reflection", :sci.impl/callstack #object[clojure.lang.Volatile 0x5bf8f696 {:status :ready, :val (#sci.impl.utils.StackFrame{:line 569, :column 16, :end-line nil, :end-column nil, :ns #object[sci.lang.Namespace 0x6056789e "clj-surgeon.ns-isolation-test"], :file "/home/forge/src/clj-surgeon-bbtower/test/clj_surgeon/ns_isolation_test.clj", :f-meta {:arglists ([repo-root]), :doc "One snapshot of every resource the six witnesses watch.\n\n   The process set is captured LAST here and FIRST in the paired call (see\n   `probe-after`), so this fixture's own filesystem and /proc reads can never\n   land inside the window it measures.", :line 488, :column 1, :ns #object[sci.lang.Namespace 0x33c184ba "clj-surgeon.ns-isolation"], :name probe, :file "/home/forge/src/clj-surgeon-bbtower/test/clj_surgeon/ns_isolation.clj"}, :special false} #sci.impl.utils.StackFrame{:line 501, :column 17, :end-line nil, :end-column nil, :ns #object[sci.lang.Namespace 0x33c184ba "clj-surgeon.ns-isolation"], :file "/home/forge/src/clj-surgeon-bbtower/test/clj_surgeon/ns_isolation.clj", :f-meta {:arglists ([]), :doc "@spec TEST-ISO-005 -- fully-qualified var symbol -> IDENTITY hash of its\n   root value. Identity, not equality, and the raw root, not a deref: a\n   `with-redefs` that leaked (a test that threw inside the body, a future that\n   outlived it) swaps the root for a different object, which identity sees and\n   value equality can miss. `getRawRoot` also never FORCES anything -- a\n   `delay` or a `promise` held in a var is observed, not realised, which a\n   `deref`-based probe would corrupt on the way to measuring it.", :line 446, :column 1, :ns #object[sci.lang.Namespace 0x33c184ba "clj-surgeon.ns-isolation"], :name var-root-identities, :file "/home/forge/src/clj-surgeon-bbtower/test/clj_surgeon/ns_isolation.clj"}, :special false} #sci.impl.utils.StackFrame{:line 455, :column 3, :end-line nil, :end-column nil, :ns #object[sci.lang.Namespace 0x33c184ba "clj-surgeon.ns-isolation"], :file "/home/forge/src/clj-surgeon-bbtower/test/clj_surgeon/ns_isolation.clj", :f-meta {:name into, :doc "Returns a new coll consisting of to with all of the items of\n  from conjoined. A transducer may be supplied.\n  (into x) returns x. (into) returns [].", :arglists ([] [to] [to from] [to xform from]), :file "clojure/core.clj", :line 7033, :column 1, :ns #object[sci.lang.Namespace 0x17237673 "clojure.core"], :sci/built-in true}, :special false})}], :file "/home/forge/src/clj-surgeon-bbtower/test/clj_surgeon/ns_isolation.clj"}
 at sci.impl.utils$rethrow_with_location_of_node.invokeStatic (utils.cljc:173)
    sci.impl.analyzer$return_call$reify__5251.eval (analyzer.cljc:1756)
    sci.impl.fns$fun$arity_0__1461.invoke (fns.cljc:129)
    sci.lang.Var.invoke (lang.cljc:215)
    sci.impl.analyzer$return_call$reify__5153.eval (analyzer.cljc:1756)
    sci.impl.evaluator$fn_call$fn__4584.invoke (evaluator.cljc:401)
    clojure.core$mapv$fn__8569.invoke (core.clj:7063)
    clojure.lang.PersistentVector.reduce (PersistentVector.java:418)
    clojure.core$reduce.invokeStatic (core.clj:6968)
    clojure.core$mapv.invokeStatic (core.clj:7054)
    sci.impl.evaluator$fn_call.invokeStatic (evaluator.cljc:412)
    sci.impl.analyzer$return_call$reify__5319.eval (analyzer.cljc:1756)
    sci.impl.analyzer$analyze_let_STAR_$reify__4899.eval (analyzer.cljc:717)
    sci.impl.fns$fun$arity_1__1465.invoke (fns.cljc:130)
    sci.lang.Var.invoke (lang.cljc:217)
    sci.impl.analyzer$return_call$reify__5177.eval (analyzer.cljc:1756)
    sci.impl.analyzer$analyze_let_STAR_$reify__4905.eval (analyzer.cljc:756)
    sci.impl.fns$fun$arity_0__1461.invoke (fns.cljc:129)
    babashka.impl.clojure.test$test_var_impl$fn__30077.invoke (test.clj:720)
    babashka.impl.clojure.test$test_var_impl.invokeStatic (test.clj:720)
    babashka.impl.clojure.test$test_var_impl.invoke (test.clj:711)
    sci.lang.Var.invoke (lang.cljc:217)
    babashka.impl.clojure.test$test_vars$fn__30104$fn__30109.invoke (test.clj:741)
    babashka.impl.clojure.test$default_fixture.invokeStatic (test.clj:690)
    babashka.impl.clojure.test$default_fixture.invoke (test.clj:686)
    babashka.impl.clojure.test$test_vars$fn__30104.invoke (test.clj:741)
    babashka.impl.clojure.test$default_fixture.invokeStatic (test.clj:690)
    babashka.impl.clojure.test$default_fixture.invoke (test.clj:686)
    babashka.impl.clojure.test$test_vars.invokeStatic (test.clj:737)
    babashka.impl.clojure.test$test_all_vars.invokeStatic (test.clj:744)
    babashka.impl.clojure.test$test_ns.invokeStatic (test.clj:766)
    babashka.impl.clojure.test$run_tests$fn__30124.invoke (test.clj:783)
    clojure.core$map$fn__5956.invoke (core.clj:2776)
    clojure.lang.LazySeq.force (LazySeq.java:50)
    clojure.lang.LazySeq.realize (LazySeq.java:87)
    clojure.lang.LazySeq.seq (LazySeq.java:104)
    clojure.lang.Cons.next (Cons.java:41)
    clojure.lang.RT.boundedLength (RT.java:1810)
    clojure.lang.RestFn.applyTo (RestFn.java:133)
    clojure.core$apply.invokeStatic (core.clj:669)
    babashka.impl.clojure.test$run_tests.invokeStatic (test.clj:776)
    babashka.impl.clojure.test$run_tests.doInvoke (test.clj:776)
    clojure.lang.RestFn.applyTo (RestFn.java:142)
    clojure.core$apply.invokeStatic (core.clj:669)
    babashka.impl.test$contextualize$fn__30140.doInvoke (test.clj:7)
    clojure.lang.RestFn.invoke (RestFn.java:411)
    sci.lang.Var.invoke (lang.cljc:217)
    sci.impl.analyzer$return_call$reify__5179.eval (analyzer.cljc:1756)
    sci.impl.analyzer$analyze_let_STAR_$reify__4899.eval (analyzer.cljc:715)
    sci.impl.interpreter$eval_form_STAR_.invokeStatic (interpreter.cljc:60)
    sci.impl.interpreter$eval_form.invokeStatic (interpreter.cljc:80)
    sci.impl.interpreter$eval_string_STAR_.invokeStatic (interpreter.cljc:104)
    sci.impl.interpreter$eval_string_STAR_.invoke (interpreter.cljc:89)
    sci.impl.interpreter$eval_string_STAR_.invokeStatic (interpreter.cljc:91)
    sci.core$eval_string_STAR_.invokeStatic (core.cljc:325)
    babashka.main$exec$fn__30821$fn__30861$fn__30862.invoke (main.clj:1124)
    babashka.main$exec$fn__30821$fn__30861.invoke (main.clj:1124)
    babashka.main$exec$fn__30821.invoke (main.clj:1114)
    clojure.lang.AFn.applyToHelper (AFn.java:152)
    clojure.lang.AFn.applyTo (AFn.java:144)
    clojure.core$apply.invokeStatic (core.clj:667)
    clojure.core$with_bindings_STAR_.invokeStatic (core.clj:1994)
    clojure.core$with_bindings_STAR_.doInvoke (core.clj:1994)
    clojure.lang.RestFn.invoke (RestFn.java:428)
    babashka.main$exec.invokeStatic (main.clj:899)
    babashka.main$main.invokeStatic (main.clj:1378)
    babashka.main$main.doInvoke (main.clj:1292)
    clojure.lang.RestFn.applyTo (RestFn.java:140)
    clojure.core$apply.invokeStatic (core.clj:667)
    babashka.main$_main.invokeStatic (main.clj:1404)
    babashka.main$_main.doInvoke (main.clj:1395)
    clojure.lang.RestFn.applyTo (RestFn.java:140)
    babashka.main.main (:-1)
    java.lang.invoke.LambdaForm$DMH/sa346b79c.invokeStaticInit (LambdaForm$DMH:-1)
Caused by: org.graalvm.nativeimage.MissingReflectionRegistrationError: Cannot reflectively invoke method 'public java.lang.Object sci.lang.Var.getRawRoot()'. To allow this operation, add the following to the 'reflection' section of 'reachability-metadata.json' and rebuild the native image:

  {
    "type": "sci.lang.Var",
    "methods": [
      {
        "name": "getRawRoot",
        "parameterTypes": []
      }
    ]
  }

The 'reachability-metadata.json' file should be located in 'META-INF/native-image/<group-id>/<artifact-id>/' of your project. For further help, see https://www.graalvm.org/latest/reference-manual/native-image/metadata/#reflection
 at com.oracle.svm.core.reflect.MissingReflectionRegistrationUtils.reportInvokedExecutable (MissingReflectionRegistrationUtils.java:110)
    java.lang.reflect.Method.acquireMethodAccessor (Method.java:144)
    java.lang.reflect.Method.invoke (Method.java:562)
    sci.impl.reflector$invoke_matching_method.invokeStatic (reflector.cljc:316)
    sci.impl.interop$invoke_instance_method_with_methods.invokeStatic (interop.cljc:55)
    sci.impl.evaluator$eval_instance_method_invocation.invokeStatic (evaluator.cljc:250)
    sci.impl.analyzer$analyze_instance_method$reify__4986.eval (analyzer.cljc:1134)
    sci.impl.interop$invoke_static_method.invokeStatic (interop.cljc:120)
    sci.impl.analyzer$analyze_dot$static_method$reify__5005.eval (analyzer.cljc:1209)
    sci.impl.analyzer$return_call$reify__5247.eval (analyzer.cljc:1756)
    sci.impl.analyzer$analyze_let_STAR_$reify__4903.eval (analyzer.cljc:743)
    sci.impl.fns$fun$arity_1__1465.invoke (fns.cljc:130)
    clojure.core$map$fn__5952$fn__5953.invoke (core.clj:2763)
    clojure.core.protocols$fn__8279.invokeStatic (protocols.clj:167)
    clojure.core.protocols/fn (protocols.clj:123)
    clojure.core.protocols$fn__8233$G__8228__8242.invoke (protocols.clj:19)
    clojure.core.protocols$seq_reduce.invokeStatic (protocols.clj:31)
    clojure.core.protocols$fn__8266.invokeStatic (protocols.clj:74)
    clojure.core.protocols/fn (protocols.clj:74)
    clojure.core.protocols$fn__8207$G__8202__8220.invoke (protocols.clj:13)
    clojure.core$transduce.invokeStatic (core.clj:7030)
    clojure.core$into.invokeStatic (core.clj:7046)
    clojure.core$into.invoke (core.clj:7033)
    sci.lang.Var.invoke (lang.cljc:221)
    sci.impl.analyzer$return_call$reify__5251.eval (analyzer.cljc:1756)
    sci.impl.fns$fun$arity_0__1461.invoke (fns.cljc:129)
    sci.lang.Var.invoke (lang.cljc:215)
    sci.impl.analyzer$return_call$reify__5153.eval (analyzer.cljc:1756)
    sci.impl.evaluator$fn_call$fn__4584.invoke (evaluator.cljc:401)
    clojure.core$mapv$fn__8569.invoke (core.clj:7063)
    clojure.lang.PersistentVector.reduce (PersistentVector.java:418)
    clojure.core$reduce.invokeStatic (core.clj:6968)
    clojure.core$mapv.invokeStatic (core.clj:7054)
    sci.impl.evaluator$fn_call.invokeStatic (evaluator.cljc:412)
    sci.impl.analyzer$return_call$reify__5319.eval (analyzer.cljc:1756)
    sci.impl.analyzer$analyze_let_STAR_$reify__4899.eval (analyzer.cljc:717)
    sci.impl.fns$fun$arity_1__1465.invoke (fns.cljc:130)
    sci.lang.Var.invoke (lang.cljc:217)
    sci.impl.analyzer$return_call$reify__5177.eval (analyzer.cljc:1756)
    sci.impl.analyzer$analyze_let_STAR_$reify__4905.eval (analyzer.cljc:756)
    sci.impl.fns$fun$arity_0__1461.invoke (fns.cljc:129)
    babashka.impl.clojure.test$test_var_impl$fn__30077.invoke (test.clj:720)
    babashka.impl.clojure.test$test_var_impl.invokeStatic (test.clj:720)
    babashka.impl.clojure.test$test_var_impl.invoke (test.clj:711)
    sci.lang.Var.invoke (lang.cljc:217)
    babashka.impl.clojure.test$test_vars$fn__30104$fn__30109.invoke (test.clj:741)
    babashka.impl.clojure.test$default_fixture.invokeStatic (test.clj:690)
    babashka.impl.clojure.test$default_fixture.invoke (test.clj:686)
    babashka.impl.clojure.test$test_vars$fn__30104.invoke (test.clj:741)
    babashka.impl.clojure.test$default_fixture.invokeStatic (test.clj:690)
    babashka.impl.clojure.test$default_fixture.invoke (test.clj:686)
    babashka.impl.clojure.test$test_vars.invokeStatic (test.clj:737)
    babashka.impl.clojure.test$test_all_vars.invokeStatic (test.clj:744)
    babashka.impl.clojure.test$test_ns.invokeStatic (test.clj:766)
    babashka.impl.clojure.test$run_tests$fn__30124.invoke (test.clj:783)
    clojure.core$map$fn__5956.invoke (core.clj:2776)
    clojure.lang.LazySeq.force (LazySeq.java:50)
    clojure.lang.LazySeq.realize (LazySeq.java:87)
    clojure.lang.LazySeq.seq (LazySeq.java:104)
    clojure.lang.Cons.next (Cons.java:41)
    clojure.lang.RT.boundedLength (RT.java:1810)
    clojure.lang.RestFn.applyTo (RestFn.java:133)
    clojure.core$apply.invokeStatic (core.clj:669)
    babashka.impl.clojure.test$run_tests.invokeStatic (test.clj:776)
    babashka.impl.clojure.test$run_tests.doInvoke (test.clj:776)
    clojure.lang.RestFn.applyTo (RestFn.java:142)
    clojure.core$apply.invokeStatic (core.clj:669)
    babashka.impl.test$contextualize$fn__30140.doInvoke (test.clj:7)
    clojure.lang.RestFn.invoke (RestFn.java:411)
    sci.lang.Var.invoke (lang.cljc:217)
    sci.impl.analyzer$return_call$reify__5179.eval (analyzer.cljc:1756)
    sci.impl.analyzer$analyze_let_STAR_$reify__4899.eval (analyzer.cljc:715)
    sci.impl.interpreter$eval_form_STAR_.invokeStatic (interpreter.cljc:60)
    sci.impl.interpreter$eval_form.invokeStatic (interpreter.cljc:80)
    sci.impl.interpreter$eval_string_STAR_.invokeStatic (interpreter.cljc:104)
    sci.impl.interpreter$eval_string_STAR_.invoke (interpreter.cljc:89)
    sci.impl.interpreter$eval_string_STAR_.invokeStatic (interpreter.cljc:91)
    sci.core$eval_string_STAR_.invokeStatic (core.cljc:325)
    babashka.main$exec$fn__30821$fn__30861$fn__30862.invoke (main.clj:1124)
    babashka.main$exec$fn__30821$fn__30861.invoke (main.clj:1124)
    babashka.main$exec$fn__30821.invoke (main.clj:1114)
    clojure.lang.AFn.applyToHelper (AFn.java:152)
    clojure.lang.AFn.applyTo (AFn.java:144)
    clojure.core$apply.invokeStatic (core.clj:667)
    clojure.core$with_bindings_STAR_.invokeStatic (core.clj:1994)
    clojure.core$with_bindings_STAR_.doInvoke (core.clj:1994)
    clojure.lang.RestFn.invoke (RestFn.java:428)
    babashka.main$exec.invokeStatic (main.clj:899)
    babashka.main$main.invokeStatic (main.clj:1378)
    babashka.main$main.doInvoke (main.clj:1292)
    clojure.lang.RestFn.applyTo (RestFn.java:140)
    clojure.core$apply.invokeStatic (core.clj:667)
    babashka.main$_main.invokeStatic (main.clj:1404)
    babashka.main$_main.doInvoke (main.clj:1395)
    clojure.lang.RestFn.applyTo (RestFn.java:140)
    babashka.main.main (:-1)
    java.lang.invoke.LambdaForm$DMH/sa346b79c.invokeStaticInit (LambdaForm$DMH:-1)

FAIL in (spec-bb-boundary-equals-registered-ceiling) (/home/forge/src/clj-surgeon-bbtower/test/clj_surgeon/ns_isolation_test.clj:469)
TEST-ISO-007 spec bb boundary disagrees with registered ceiling
expected: (= [(:bb iso/lane-budget-ms) (inc (:bb iso/lane-budget-ms))] (mapv parse-ms (rest (first boundaries))))
  actual: (not (= [374149 374150] [399155 399156]))

ERROR in (the-fixture-catches-a-real-write-outside-the-namespaces-own-subdir) (/home/forge/src/clj-surgeon-bbtower/test/clj_surgeon/ns_isolation_test.clj:279)
Uncaught exception, not in assertion.
expected: nil
  actual: clojure.lang.ExceptionInfo: Cannot reflectively invoke method 'public java.lang.Object sci.lang.Var.getRawRoot()'. To allow this operation, add the following to the 'reflection' section of 'reachability-metadata.json' and rebuild the native image:

  {
    "type": "sci.lang.Var",
    "methods": [
      {
        "name": "getRawRoot",
        "parameterTypes": []
      }
    ]
  }

The 'reachability-metadata.json' file should be located in 'META-INF/native-image/<group-id>/<artifact-id>/' of your project. For further help, see https://www.graalvm.org/latest/reference-manual/native-image/metadata/#reflection
{:type :sci/error, :line 455, :column 3, :message "Cannot reflectively invoke method 'public java.lang.Object sci.lang.Var.getRawRoot()'. To allow this operation, add the following to the 'reflection' section of 'reachability-metadata.json' and rebuild the native image:\n\n  {\n    \"type\": \"sci.lang.Var\",\n    \"methods\": [\n      {\n        \"name\": \"getRawRoot\",\n        \"parameterTypes\": []\n      }\n    ]\n  }\n\nThe 'reachability-metadata.json' file should be located in 'META-INF/native-image/<group-id>/<artifact-id>/' of your project. For further help, see https://www.graalvm.org/latest/reference-manual/native-image/metadata/#reflection", :sci.impl/callstack #object[clojure.lang.Volatile 0x5f77243c {:status :ready, :val (#sci.impl.utils.StackFrame{:line 290, :column 7, :end-line nil, :end-column nil, :ns #object[sci.lang.Namespace 0x6056789e "clj-surgeon.ns-isolation-test"], :file "/home/forge/src/clj-surgeon-bbtower/test/clj_surgeon/ns_isolation_test.clj", :f-meta nil, :special true} #sci.impl.utils.StackFrame{:line 290, :column 20, :end-line nil, :end-column nil, :ns #object[sci.lang.Namespace 0x6056789e "clj-surgeon.ns-isolation-test"], :file "/home/forge/src/clj-surgeon-bbtower/test/clj_surgeon/ns_isolation_test.clj", :f-meta {:arglists ([repo-root]), :doc "One snapshot of every resource the six witnesses watch.\n\n   The process set is captured LAST here and FIRST in the paired call (see\n   `probe-after`), so this fixture's own filesystem and /proc reads can never\n   land inside the window it measures.", :line 488, :column 1, :ns #object[sci.lang.Namespace 0x33c184ba "clj-surgeon.ns-isolation"], :name probe, :file "/home/forge/src/clj-surgeon-bbtower/test/clj_surgeon/ns_isolation.clj"}, :special false} #sci.impl.utils.StackFrame{:line 501, :column 17, :end-line nil, :end-column nil, :ns #object[sci.lang.Namespace 0x33c184ba "clj-surgeon.ns-isolation"], :file "/home/forge/src/clj-surgeon-bbtower/test/clj_surgeon/ns_isolation.clj", :f-meta {:arglists ([]), :doc "@spec TEST-ISO-005 -- fully-qualified var symbol -> IDENTITY hash of its\n   root value. Identity, not equality, and the raw root, not a deref: a\n   `with-redefs` that leaked (a test that threw inside the body, a future that\n   outlived it) swaps the root for a different object, which identity sees and\n   value equality can miss. `getRawRoot` also never FORCES anything -- a\n   `delay` or a `promise` held in a var is observed, not realised, which a\n   `deref`-based probe would corrupt on the way to measuring it.", :line 446, :column 1, :ns #object[sci.lang.Namespace 0x33c184ba "clj-surgeon.ns-isolation"], :name var-root-identities, :file "/home/forge/src/clj-surgeon-bbtower/test/clj_surgeon/ns_isolation.clj"}, :special false} #sci.impl.utils.StackFrame{:line 455, :column 3, :end-line nil, :end-column nil, :ns #object[sci.lang.Namespace 0x33c184ba "clj-surgeon.ns-isolation"], :file "/home/forge/src/clj-surgeon-bbtower/test/clj_surgeon/ns_isolation.clj", :f-meta {:name into, :doc "Returns a new coll consisting of to with all of the items of\n  from conjoined. A transducer may be supplied.\n  (into x) returns x. (into) returns [].", :arglists ([] [to] [to from] [to xform from]), :file "clojure/core.clj", :line 7033, :column 1, :ns #object[sci.lang.Namespace 0x17237673 "clojure.core"], :sci/built-in true}, :special false})}], :file "/home/forge/src/clj-surgeon-bbtower/test/clj_surgeon/ns_isolation.clj"}
 at sci.impl.utils$rethrow_with_location_of_node.invokeStatic (utils.cljc:173)
    sci.impl.analyzer$return_call$reify__5251.eval (analyzer.cljc:1756)
    sci.impl.fns$fun$arity_0__1461.invoke (fns.cljc:129)
    sci.lang.Var.invoke (lang.cljc:215)
    sci.impl.analyzer$return_call$reify__5153.eval (analyzer.cljc:1756)
    sci.impl.evaluator$fn_call$fn__4584.invoke (evaluator.cljc:401)
    clojure.core$mapv$fn__8569.invoke (core.clj:7063)
    clojure.lang.PersistentVector.reduce (PersistentVector.java:418)
    clojure.core$reduce.invokeStatic (core.clj:6968)
    clojure.core$mapv.invokeStatic (core.clj:7054)
    sci.impl.evaluator$fn_call.invokeStatic (evaluator.cljc:412)
    sci.impl.analyzer$return_call$reify__5319.eval (analyzer.cljc:1756)
    sci.impl.analyzer$analyze_let_STAR_$reify__4899.eval (analyzer.cljc:717)
    sci.impl.fns$fun$arity_1__1465.invoke (fns.cljc:130)
    sci.lang.Var.invoke (lang.cljc:217)
    sci.impl.analyzer$return_call$reify__5177.eval (analyzer.cljc:1756)
    sci.impl.analyzer$analyze_let_STAR_$reify__4907.eval (analyzer.cljc:775)
    sci.impl.evaluator$eval_try_plain.invokeStatic (evaluator.cljc:140)
    sci.impl.evaluator$eval_try.invokeStatic (evaluator.cljc:149)
    sci.impl.analyzer$analyze_try$reify__4965.eval (analyzer.cljc:1046)
    sci.impl.analyzer$analyze_let_STAR_$reify__4903.eval (analyzer.cljc:743)
    sci.impl.fns$fun$arity_0__1461.invoke (fns.cljc:129)
    babashka.impl.clojure.test$test_var_impl$fn__30077.invoke (test.clj:720)
    babashka.impl.clojure.test$test_var_impl.invokeStatic (test.clj:720)
    babashka.impl.clojure.test$test_var_impl.invoke (test.clj:711)
    sci.lang.Var.invoke (lang.cljc:217)
    babashka.impl.clojure.test$test_vars$fn__30104$fn__30109.invoke (test.clj:741)
    babashka.impl.clojure.test$default_fixture.invokeStatic (test.clj:690)
    babashka.impl.clojure.test$default_fixture.invoke (test.clj:686)
    babashka.impl.clojure.test$test_vars$fn__30104.invoke (test.clj:741)
    babashka.impl.clojure.test$default_fixture.invokeStatic (test.clj:690)
    babashka.impl.clojure.test$default_fixture.invoke (test.clj:686)
    babashka.impl.clojure.test$test_vars.invokeStatic (test.clj:737)
    babashka.impl.clojure.test$test_all_vars.invokeStatic (test.clj:744)
    babashka.impl.clojure.test$test_ns.invokeStatic (test.clj:766)
    babashka.impl.clojure.test$run_tests$fn__30124.invoke (test.clj:783)
    clojure.core$map$fn__5956.invoke (core.clj:2776)
    clojure.lang.LazySeq.force (LazySeq.java:50)
    clojure.lang.LazySeq.realize (LazySeq.java:87)
    clojure.lang.LazySeq.seq (LazySeq.java:104)
    clojure.lang.Cons.next (Cons.java:41)
    clojure.lang.RT.boundedLength (RT.java:1810)
    clojure.lang.RestFn.applyTo (RestFn.java:133)
    clojure.core$apply.invokeStatic (core.clj:669)
    babashka.impl.clojure.test$run_tests.invokeStatic (test.clj:776)
    babashka.impl.clojure.test$run_tests.doInvoke (test.clj:776)
    clojure.lang.RestFn.applyTo (RestFn.java:142)
    clojure.core$apply.invokeStatic (core.clj:669)
    babashka.impl.test$contextualize$fn__30140.doInvoke (test.clj:7)
    clojure.lang.RestFn.invoke (RestFn.java:411)
    sci.lang.Var.invoke (lang.cljc:217)
    sci.impl.analyzer$return_call$reify__5179.eval (analyzer.cljc:1756)
    sci.impl.analyzer$analyze_let_STAR_$reify__4899.eval (analyzer.cljc:715)
    sci.impl.interpreter$eval_form_STAR_.invokeStatic (interpreter.cljc:60)
    sci.impl.interpreter$eval_form.invokeStatic (interpreter.cljc:80)
    sci.impl.interpreter$eval_string_STAR_.invokeStatic (interpreter.cljc:104)
    sci.impl.interpreter$eval_string_STAR_.invoke (interpreter.cljc:89)
    sci.impl.interpreter$eval_string_STAR_.invokeStatic (interpreter.cljc:91)
    sci.core$eval_string_STAR_.invokeStatic (core.cljc:325)
    babashka.main$exec$fn__30821$fn__30861$fn__30862.invoke (main.clj:1124)
    babashka.main$exec$fn__30821$fn__30861.invoke (main.clj:1124)
    babashka.main$exec$fn__30821.invoke (main.clj:1114)
    clojure.lang.AFn.applyToHelper (AFn.java:152)
    clojure.lang.AFn.applyTo (AFn.java:144)
    clojure.core$apply.invokeStatic (core.clj:667)
    clojure.core$with_bindings_STAR_.invokeStatic (core.clj:1994)
    clojure.core$with_bindings_STAR_.doInvoke (core.clj:1994)
    clojure.lang.RestFn.invoke (RestFn.java:428)
    babashka.main$exec.invokeStatic (main.clj:899)
    babashka.main$main.invokeStatic (main.clj:1378)
    babashka.main$main.doInvoke (main.clj:1292)
    clojure.lang.RestFn.applyTo (RestFn.java:140)
    clojure.core$apply.invokeStatic (core.clj:667)
    babashka.main$_main.invokeStatic (main.clj:1404)
    babashka.main$_main.doInvoke (main.clj:1395)
    clojure.lang.RestFn.applyTo (RestFn.java:140)
    babashka.main.main (:-1)
    java.lang.invoke.LambdaForm$DMH/sa346b79c.invokeStaticInit (LambdaForm$DMH:-1)
Caused by: org.graalvm.nativeimage.MissingReflectionRegistrationError: Cannot reflectively invoke method 'public java.lang.Object sci.lang.Var.getRawRoot()'. To allow this operation, add the following to the 'reflection' section of 'reachability-metadata.json' and rebuild the native image:

  {
    "type": "sci.lang.Var",
    "methods": [
      {
        "name": "getRawRoot",
        "parameterTypes": []
      }
    ]
  }

The 'reachability-metadata.json' file should be located in 'META-INF/native-image/<group-id>/<artifact-id>/' of your project. For further help, see https://www.graalvm.org/latest/reference-manual/native-image/metadata/#reflection
 at com.oracle.svm.core.reflect.MissingReflectionRegistrationUtils.reportInvokedExecutable (MissingReflectionRegistrationUtils.java:110)
    java.lang.reflect.Method.acquireMethodAccessor (Method.java:144)
    java.lang.reflect.Method.invoke (Method.java:562)
    sci.impl.reflector$invoke_matching_method.invokeStatic (reflector.cljc:316)
    sci.impl.interop$invoke_instance_method_with_methods.invokeStatic (interop.cljc:55)
    sci.impl.evaluator$eval_instance_method_invocation.invokeStatic (evaluator.cljc:250)
    sci.impl.analyzer$analyze_instance_method$reify__4986.eval (analyzer.cljc:1134)
    sci.impl.interop$invoke_static_method.invokeStatic (interop.cljc:120)
    sci.impl.analyzer$analyze_dot$static_method$reify__5005.eval (analyzer.cljc:1209)
    sci.impl.analyzer$return_call$reify__5247.eval (analyzer.cljc:1756)
    sci.impl.analyzer$analyze_let_STAR_$reify__4903.eval (analyzer.cljc:743)
    sci.impl.fns$fun$arity_1__1465.invoke (fns.cljc:130)
    clojure.core$map$fn__5952$fn__5953.invoke (core.clj:2763)
    clojure.core.protocols$fn__8279.invokeStatic (protocols.clj:167)
    clojure.core.protocols/fn (protocols.clj:123)
    clojure.core.protocols$fn__8233$G__8228__8242.invoke (protocols.clj:19)
    clojure.core.protocols$seq_reduce.invokeStatic (protocols.clj:31)
    clojure.core.protocols$fn__8266.invokeStatic (protocols.clj:74)
    clojure.core.protocols/fn (protocols.clj:74)
    clojure.core.protocols$fn__8207$G__8202__8220.invoke (protocols.clj:13)
    clojure.core$transduce.invokeStatic (core.clj:7030)
    clojure.core$into.invokeStatic (core.clj:7046)
    clojure.core$into.invoke (core.clj:7033)
    sci.lang.Var.invoke (lang.cljc:221)
    sci.impl.analyzer$return_call$reify__5251.eval (analyzer.cljc:1756)
    sci.impl.fns$fun$arity_0__1461.invoke (fns.cljc:129)
    sci.lang.Var.invoke (lang.cljc:215)
    sci.impl.analyzer$return_call$reify__5153.eval (analyzer.cljc:1756)
    sci.impl.evaluator$fn_call$fn__4584.invoke (evaluator.cljc:401)
    clojure.core$mapv$fn__8569.invoke (core.clj:7063)
    clojure.lang.PersistentVector.reduce (PersistentVector.java:418)
    clojure.core$reduce.invokeStatic (core.clj:6968)
    clojure.core$mapv.invokeStatic (core.clj:7054)
    sci.impl.evaluator$fn_call.invokeStatic (evaluator.cljc:412)
    sci.impl.analyzer$return_call$reify__5319.eval (analyzer.cljc:1756)
    sci.impl.analyzer$analyze_let_STAR_$reify__4899.eval (analyzer.cljc:717)
    sci.impl.fns$fun$arity_1__1465.invoke (fns.cljc:130)
    sci.lang.Var.invoke (lang.cljc:217)
    sci.impl.analyzer$return_call$reify__5177.eval (analyzer.cljc:1756)
    sci.impl.analyzer$analyze_let_STAR_$reify__4907.eval (analyzer.cljc:775)
    sci.impl.evaluator$eval_try_plain.invokeStatic (evaluator.cljc:140)
    sci.impl.evaluator$eval_try.invokeStatic (evaluator.cljc:149)
    sci.impl.analyzer$analyze_try$reify__4965.eval (analyzer.cljc:1046)
    sci.impl.analyzer$analyze_let_STAR_$reify__4903.eval (analyzer.cljc:743)
    sci.impl.fns$fun$arity_0__1461.invoke (fns.cljc:129)
    babashka.impl.clojure.test$test_var_impl$fn__30077.invoke (test.clj:720)
    babashka.impl.clojure.test$test_var_impl.invokeStatic (test.clj:720)
    babashka.impl.clojure.test$test_var_impl.invoke (test.clj:711)
    sci.lang.Var.invoke (lang.cljc:217)
    babashka.impl.clojure.test$test_vars$fn__30104$fn__30109.invoke (test.clj:741)
    babashka.impl.clojure.test$default_fixture.invokeStatic (test.clj:690)
    babashka.impl.clojure.test$default_fixture.invoke (test.clj:686)
    babashka.impl.clojure.test$test_vars$fn__30104.invoke (test.clj:741)
    babashka.impl.clojure.test$default_fixture.invokeStatic (test.clj:690)
    babashka.impl.clojure.test$default_fixture.invoke (test.clj:686)
    babashka.impl.clojure.test$test_vars.invokeStatic (test.clj:737)
    babashka.impl.clojure.test$test_all_vars.invokeStatic (test.clj:744)
    babashka.impl.clojure.test$test_ns.invokeStatic (test.clj:766)
    babashka.impl.clojure.test$run_tests$fn__30124.invoke (test.clj:783)
    clojure.core$map$fn__5956.invoke (core.clj:2776)
    clojure.lang.LazySeq.force (LazySeq.java:50)
    clojure.lang.LazySeq.realize (LazySeq.java:87)
    clojure.lang.LazySeq.seq (LazySeq.java:104)
    clojure.lang.Cons.next (Cons.java:41)
    clojure.lang.RT.boundedLength (RT.java:1810)
    clojure.lang.RestFn.applyTo (RestFn.java:133)
    clojure.core$apply.invokeStatic (core.clj:669)
    babashka.impl.clojure.test$run_tests.invokeStatic (test.clj:776)
    babashka.impl.clojure.test$run_tests.doInvoke (test.clj:776)
    clojure.lang.RestFn.applyTo (RestFn.java:142)
    clojure.core$apply.invokeStatic (core.clj:669)
    babashka.impl.test$contextualize$fn__30140.doInvoke (test.clj:7)
    clojure.lang.RestFn.invoke (RestFn.java:411)
    sci.lang.Var.invoke (lang.cljc:217)
    sci.impl.analyzer$return_call$reify__5179.eval (analyzer.cljc:1756)
    sci.impl.analyzer$analyze_let_STAR_$reify__4899.eval (analyzer.cljc:715)
    sci.impl.interpreter$eval_form_STAR_.invokeStatic (interpreter.cljc:60)
    sci.impl.interpreter$eval_form.invokeStatic (interpreter.cljc:80)
    sci.impl.interpreter$eval_string_STAR_.invokeStatic (interpreter.cljc:104)
    sci.impl.interpreter$eval_string_STAR_.invoke (interpreter.cljc:89)
    sci.impl.interpreter$eval_string_STAR_.invokeStatic (interpreter.cljc:91)
    sci.core$eval_string_STAR_.invokeStatic (core.cljc:325)
    babashka.main$exec$fn__30821$fn__30861$fn__30862.invoke (main.clj:1124)
    babashka.main$exec$fn__30821$fn__30861.invoke (main.clj:1124)
    babashka.main$exec$fn__30821.invoke (main.clj:1114)
    clojure.lang.AFn.applyToHelper (AFn.java:152)
    clojure.lang.AFn.applyTo (AFn.java:144)
    clojure.core$apply.invokeStatic (core.clj:667)
    clojure.core$with_bindings_STAR_.invokeStatic (core.clj:1994)
    clojure.core$with_bindings_STAR_.doInvoke (core.clj:1994)
    clojure.lang.RestFn.invoke (RestFn.java:428)
    babashka.main$exec.invokeStatic (main.clj:899)
    babashka.main$main.invokeStatic (main.clj:1378)
    babashka.main$main.doInvoke (main.clj:1292)
    clojure.lang.RestFn.applyTo (RestFn.java:140)
    clojure.core$apply.invokeStatic (core.clj:667)
    babashka.main$_main.invokeStatic (main.clj:1404)
    babashka.main$_main.doInvoke (main.clj:1395)
    clojure.lang.RestFn.applyTo (RestFn.java:140)
    babashka.main.main (:-1)
    java.lang.invoke.LambdaForm$DMH/sa346b79c.invokeStaticInit (LambdaForm$DMH:-1)

FAIL in (bb-ceiling-reproduces-from-calibration-under-shipped-manifest) (/home/forge/src/clj-surgeon-bbtower/test/clj_surgeon/ns_isolation_test.clj:464)
expected: (= (:ceiling-ms (ceiling/from-file ceiling/calibration-receipt)) (:bb iso/lane-budget-ms))
  actual: (not (= 343102 374149))

Ran 27 tests containing 160 assertions.
2 failures, 3 errors.
