lanes: --ns -- 1 namespace(s), home-isolated false

Testing clj-surgeon.receipt-artifacts-boundary-test

ERROR in (helper-extraction-publishes-external-detail-and-inverse the-details-path-is-published-outside-the-workspace) (FileOutputStream.java:-2)
Uncaught exception, not in assertion.
expected: nil
  actual: java.io.FileNotFoundException: /var/tmp/forge/helper-fx/details-path-2658516382189079/src/acid/app/x16.clj (No such file or directory)
 at java.io.FileOutputStream.open0 (FileOutputStream.java:-2)
    java.io.FileOutputStream.open (FileOutputStream.java:289)
    java.io.FileOutputStream.<init> (FileOutputStream.java:230)
    clojure.java.io$fn__11661.invokeStatic (io.clj:233)
    clojure.java.io/fn (io.clj:233)
    clojure.java.io$fn__11585$G__11567__11592.invoke (io.clj:72)
    clojure.java.io$fn__11635.invokeStatic (io.clj:169)
    clojure.java.io/fn (io.clj:169)
    clojure.java.io$fn__11598$G__11563__11605.invoke (io.clj:72)
    clojure.java.io$writer.invokeStatic (io.clj:122)
    clojure.java.io$writer.doInvoke (io.clj:107)
    clojure.lang.RestFn.invoke (RestFn.java:413)
    clojure.lang.AFn.applyToHelper (AFn.java:154)
    clojure.lang.RestFn.applyTo (RestFn.java:135)
    clojure.core$apply.invokeStatic (core.clj:669)
    clojure.core$spit.invokeStatic (core.clj:7101)
    clojure.core$spit.doInvoke (core.clj:7101)
    clojure.lang.RestFn.invoke (RestFn.java:428)
    clj_surgeon.mcp_helper_extraction_test$materialize_BANG_.invokeStatic (mcp_helper_extraction_test.clj:506)
    clj_surgeon.mcp_helper_extraction_test$materialize_BANG_.invoke (mcp_helper_extraction_test.clj:501)
    clj_surgeon.mcp_helper_extraction_test$with_materialized_happy_tree.invokeStatic (mcp_helper_extraction_test.clj:523)
    clj_surgeon.mcp_helper_extraction_test$with_materialized_happy_tree.invoke (mcp_helper_extraction_test.clj:516)
    clj_surgeon.mcp_helper_extraction_test$fn__45141.invokeStatic (mcp_helper_extraction_test.clj:627)
    clj_surgeon.mcp_helper_extraction_test/fn (mcp_helper_extraction_test.clj:620)
    clojure.test$test_var$fn__9898.invoke (test.clj:717)
    clojure.test$test_var.invokeStatic (test.clj:717)
    clojure.test$test_var.invoke (test.clj:708)
    clj_surgeon.namespace_execution$run_observed$fn__193.invoke (namespace_execution.clj:18)
    clojure.test$test_vars$fn__9924$fn__9929.invoke (test.clj:735)
    clojure.test$default_fixture.invokeStatic (test.clj:687)
    clojure.test$default_fixture.invoke (test.clj:683)
    clojure.test$test_vars$fn__9924.invoke (test.clj:735)
    clojure.test$default_fixture.invokeStatic (test.clj:687)
    clojure.test$default_fixture.invoke (test.clj:683)
    clojure.test$test_vars.invokeStatic (test.clj:731)
    clojure.test$test_vars.invoke (test.clj:723)
    clj_surgeon.receipt_artifacts_boundary_test$observe_publication_BANG_$fn__29037.invoke (receipt_artifacts_boundary_test.clj:87)
    clojure.core$with_redefs_fn.invokeStatic (core.clj:7706)
    clojure.core$with_redefs_fn.invoke (core.clj:7690)
    clj_surgeon.receipt_artifacts_boundary_test$observe_publication_BANG_.invokeStatic (receipt_artifacts_boundary_test.clj:79)
    clj_surgeon.receipt_artifacts_boundary_test$observe_publication_BANG_.invoke (receipt_artifacts_boundary_test.clj:69)
    clj_surgeon.receipt_artifacts_boundary_test$fn__29138.invokeStatic (receipt_artifacts_boundary_test.clj:174)
    clj_surgeon.receipt_artifacts_boundary_test/fn (receipt_artifacts_boundary_test.clj:173)
    clojure.test$test_var$fn__9898.invoke (test.clj:717)
    clojure.test$test_var.invokeStatic (test.clj:717)
    clojure.test$test_var.invoke (test.clj:708)
    clj_surgeon.namespace_execution$run_observed$fn__193.invoke (namespace_execution.clj:18)
    clojure.test$test_vars$fn__9924$fn__9929.invoke (test.clj:735)
    clojure.test$default_fixture.invokeStatic (test.clj:687)
    clojure.test$default_fixture.invoke (test.clj:683)
    clojure.test$test_vars$fn__9924.invoke (test.clj:735)
    clojure.test$default_fixture.invokeStatic (test.clj:687)
    clojure.test$default_fixture.invoke (test.clj:683)
    clojure.test$test_vars.invokeStatic (test.clj:731)
    clojure.test$test_all_vars.invokeStatic (test.clj:737)
    clojure.test$test_ns.invokeStatic (test.clj:758)
    clojure.test$test_ns.invoke (test.clj:743)
    clj_surgeon.mcp_test_runner$run_namespace_with_snapshot$fn__1326.invoke (mcp_test_runner.clj:89)
    clj_surgeon.namespace_execution$run_observed$fn__196.invoke (namespace_execution.clj:19)
    clojure.core$with_redefs_fn.invokeStatic (core.clj:7706)
    clojure.core$with_redefs_fn.invoke (core.clj:7690)
    clj_surgeon.namespace_execution$run_observed.invokeStatic (namespace_execution.clj:14)
    clj_surgeon.namespace_execution$run_observed.invoke (namespace_execution.clj:8)
    clj_surgeon.mcp_test_runner$run_namespace_with_snapshot.invokeStatic (mcp_test_runner.clj:89)
    clj_surgeon.mcp_test_runner$run_namespace_with_snapshot.invoke (mcp_test_runner.clj:73)
    clj_surgeon.mcp_test_runner$_main$fn__1399.invoke (mcp_test_runner.clj:358)
    clojure.core$mapv$fn__8569.invoke (core.clj:7059)
    clojure.lang.PersistentVector.reduce (PersistentVector.java:418)
    clojure.core$reduce.invokeStatic (core.clj:6964)
    clojure.core$mapv.invokeStatic (core.clj:7050)
    clojure.core$mapv.invoke (core.clj:7050)
    clj_surgeon.mcp_test_runner$_main.invokeStatic (mcp_test_runner.clj:357)
    clj_surgeon.mcp_test_runner$_main.doInvoke (mcp_test_runner.clj:275)
    clojure.lang.RestFn.applyTo (RestFn.java:140)
    clojure.lang.Var.applyTo (Var.java:707)
    clojure.core$apply.invokeStatic (core.clj:667)
    clojure.main$main_opt.invokeStatic (main.clj:515)
    clojure.main$main_opt.invoke (main.clj:511)
    clojure.main$main.invokeStatic (main.clj:665)
    clojure.main$main.doInvoke (main.clj:617)
    clojure.lang.RestFn.applyTo (RestFn.java:140)
    clojure.lang.Var.applyTo (Var.java:707)
    clojure.main.main (main.java:40)

FAIL in (helper-extraction-publishes-external-detail-and-inverse) (receipt_artifacts_boundary_test.clj:88)
helper-extraction fixture must commit exactly once
expected: (= 1 (count (clojure.core/deref observed)))
  actual: (not (= 1 0))
