=== start a FRESH in-image watcher ===
=> "started"
state: => "watch-alive=true fn-identity=1900492865"
=== cycle 1 ===
pre : => "watch-alive=true fn-identity=1900492865"
  c1 p1: => "OK count=1 pass=0 fail=0 err=1"   <== ANOMALY
  c1 p2: => "OK count=2 pass=4 fail=0 err=0"
  c1 p3: => "OK count=2 pass=4 fail=0 err=0"
  c1 p4: => "OK count=2 pass=4 fail=0 err=0"
  c1 p5: => "OK count=2 pass=4 fail=0 err=0"
  c1 p6: => "OK count=2 pass=4 fail=0 err=0"
  c1 p7: => "OK count=2 pass=4 fail=0 err=0"
  c1 p8: => "OK count=2 pass=4 fail=0 err=0"
  c1 p9: => "OK count=2 pass=4 fail=0 err=0"
  c1 p10: => "OK count=2 pass=4 fail=0 err=0"
  c1 p11: => "OK count=2 pass=4 fail=0 err=0"
  c1 p12: => "OK count=2 pass=4 fail=0 err=0"
  c1 p13: => "OK count=2 pass=4 fail=0 err=0"
  c1 p14: => "OK count=2 pass=4 fail=0 err=0"
post: => "watch-alive=true fn-identity=969152915"
=== cycle 2 ===
pre : => "watch-alive=true fn-identity=1079785735"
  c2 p1: => "OK count=1 pass=0 fail=0 err=1"   <== ANOMALY
  c2 p2: => "OK count=2 pass=4 fail=0 err=0"
  c2 p3: => "OK count=2 pass=4 fail=0 err=0"
  c2 p4: => "OK count=2 pass=4 fail=0 err=0"
  c2 p5: => "OK count=2 pass=4 fail=0 err=0"
  c2 p6: => "OK count=2 pass=4 fail=0 err=0"
  c2 p7: => "OK count=2 pass=4 fail=0 err=0"
  c2 p8: => "OK count=2 pass=4 fail=0 err=0"
  c2 p9: => "OK count=2 pass=4 fail=0 err=0"
  c2 p10: => "OK count=2 pass=4 fail=0 err=0"
  c2 p11: => "OK count=2 pass=4 fail=0 err=0"
  c2 p12: => "OK count=2 pass=4 fail=0 err=0"
  c2 p13: => "OK count=2 pass=4 fail=0 err=0"
  c2 p14: => "OK count=2 pass=4 fail=0 err=0"
post: => "watch-alive=true fn-identity=2066567699"
ANOMALIES=2
=> "stopped, done=true"
