1788879542.433929	Picked up JAVA_TOOL_OPTIONS: -Djava.io.tmpdir=/var/tmp/forge
1788879543.203039	Picked up JAVA_TOOL_OPTIONS: -Djava.io.tmpdir=/var/tmp/forge
1788879545.500964	SLF4J: Failed to load class "org.slf4j.impl.StaticLoggerBinder".
1788879545.501013	SLF4J: Defaulting to no-operation (NOP) logger implementation
1788879545.501017	SLF4J: See http://www.slf4j.org/codes.html#StaticLoggerBinder for further details.
1788879545.586768	[(.)]
1788879545.586949	[32m1 tests, 1 assertions, 0 failures.[m
1788879545.587044	
1788879579.080337	[watch] Reloading #{tiny-test}
1788879579.092319	[([31mF[m)]
1788879579.092357	Randomized with --seed 1077273149
1788879579.092623	
1788879579.092632	[31mFAIL[m in tiny-test/answer-test (tiny_test.clj:5)
1788879579.595857	Expected:
1788879579.595894	  [36m42[0m
1788879579.595899	Actual:
1788879579.595903	  [31m-42[0m [32m+44[0m
1788879579.595937	[31m1 tests, 1 assertions, 1 failures.[m
1788879579.596032	
1788879579.633723	[watch] Reloading #{tiny-test}
1788879579.633766	[watch] Re-running failed tests #{:tiny-test/answer-test}
1788879579.640598	[([31mF[m)]
1788879579.640631	Randomized with --seed 2087697154
1788879579.640652	
1788879579.640656	[31mFAIL[m in tiny-test/answer-test (tiny_test.clj:5)
1788879579.641687	Expected:
1788879579.641733	  [36m42[0m
1788879579.641737	Actual:
1788879579.641741	  [31m-42[0m [32m+45[0m
1788879579.641747	[31m1 tests, 1 assertions, 1 failures.[m
1788879579.641752	
1788879579.718955	[watch] Reloading #{tiny-test}
1788879579.718984	[watch] Re-running failed tests #{:tiny-test/answer-test}
1788879579.725936	[([31mF[m)]
1788879579.725972	Randomized with --seed 1702139656
1788879579.725987	
1788879579.725991	[31mFAIL[m in tiny-test/answer-test (tiny_test.clj:5)
1788879579.727162	Expected:
1788879579.727196	  [36m42[0m
1788879579.727201	Actual:
1788879579.727205	  [31m-42[0m [32m+46[0m
1788879579.727210	[31m1 tests, 1 assertions, 1 failures.[m
1788879579.727254	
1788879579.797811	[watch] Re-running failed tests #{:tiny-test/answer-test}
1788879579.800458	[([31mF[m)]
1788879579.800485	Randomized with --seed 376260254
1788879579.800490	
1788879579.800493	[31mFAIL[m in tiny-test/answer-test (tiny_test.clj:5)
1788879579.801468	Expected:
1788879579.801475	  [36m42[0m
1788879579.801479	Actual:
1788879579.801482	  [31m-42[0m [32m+46[0m
1788879579.801513	[31m1 tests, 1 assertions, 1 failures.[m
1788879579.801550	
1788879579.805256	[watch] Reloading #{tiny-test}
1788879579.805317	[watch] Re-running failed tests #{:tiny-test/answer-test}
1788879579.812719	[([31mF[m)]
1788879579.812758	Randomized with --seed 1486650296
1788879579.812763	
1788879579.812769	[31mFAIL[m in tiny-test/answer-test (tiny_test.clj:5)
1788879579.813879	Expected:
1788879579.813884	  [36m42[0m
1788879579.813887	Actual:
1788879579.813890	  [31m-42[0m [32m+47[0m
1788879579.813936	[31m1 tests, 1 assertions, 1 failures.[m
1788879579.813992	
1788879647.054367	[watch] Reloading #{tiny-test}
1788879647.054416	[watch] Re-running failed tests #{:tiny-test/answer-test}
1788879647.061043	[([31mF[m)]
1788879647.061066	Randomized with --seed 760216894
1788879647.061096	
1788879647.061100	[31mFAIL[m in tiny-test/answer-test (tiny_test.clj:5)
1788879647.062421	Expected:
1788879647.062431	  [36m42[0m
1788879647.062434	Actual:
1788879647.062438	  [31m-42[0m [32m+49[0m
1788879647.062477	[31m1 tests, 1 assertions, 1 failures.[m
1788879647.062519	
1788879647.064737	[watch] Re-running failed tests #{:tiny-test/answer-test}
1788879647.066881	[([31mF[m)]
1788879647.066887	Randomized with --seed 1491580339
1788879647.066959	
1788879647.067001	[31mFAIL[m in tiny-test/answer-test (tiny_test.clj:5)
1788879647.067762	Expected:
1788879647.067789	  [36m42[0m
1788879647.067794	Actual:
1788879647.067798	  [31m-42[0m [32m+49[0m
1788879647.067804	[31m1 tests, 1 assertions, 1 failures.[m
1788879647.067837	
1788879649.610943	[watch] Reloading #{tiny-test}
1788879649.610978	[watch] Re-running failed tests #{:tiny-test/answer-test}
1788879649.617739	[([31mF[m)]
1788879649.617788	Randomized with --seed 1039316635
1788879649.617791	
1788879649.617793	[31mFAIL[m in tiny-test/answer-test (tiny_test.clj:5)
1788879649.618851	Expected:
1788879649.618875	  [36m42[0m
1788879649.618878	Actual:
1788879649.618882	  [31m-42[0m [32m+50[0m
1788879649.618886	[31m1 tests, 1 assertions, 1 failures.[m
1788879649.618922	
1788879679.724562	[watch] Reloading #{tiny-test}
1788879679.724605	[watch] Re-running failed tests #{:tiny-test/answer-test}
1788879679.732087	[([31mF[m)]
1788879679.732115	Randomized with --seed 900807710
1788879679.732140	
1788879679.732144	[31mFAIL[m in tiny-test/answer-test (tiny_test.clj:5)
1788879679.736430	Expected:
1788879679.736455	  [36m42[0m
1788879679.736459	Actual:
1788879679.736464	  [31m-42[0m [32m+52[0m
1788879679.736469	[31m1 tests, 1 assertions, 1 failures.[m
1788879679.736503	
1788879679.739502	[watch] Re-running failed tests #{:tiny-test/answer-test}
1788879679.743394	[([31mF[m)]
1788879679.743422	Randomized with --seed 328115141
1788879679.743427	
1788879679.743431	[31mFAIL[m in tiny-test/answer-test (tiny_test.clj:5)
1788879679.743435	Expected:
1788879679.743441	  [36m42[0m
1788879679.743445	Actual:
1788879679.743449	  [31m-42[0m [32m+52[0m
1788879679.743453	[31m1 tests, 1 assertions, 1 failures.[m
1788879679.743456	
1788879682.279406	[watch] Reloading #{tiny-test}
1788879682.279450	[watch] Re-running failed tests #{:tiny-test/answer-test}
1788879682.286393	[([31mF[m)]
1788879682.286410	Randomized with --seed 1604609693
1788879682.286441	
1788879682.286444	[31mFAIL[m in tiny-test/answer-test (tiny_test.clj:5)
1788879682.287402	Expected:
1788879682.287408	  [36m42[0m
1788879682.287411	Actual:
1788879682.287415	  [31m-42[0m [32m+53[0m
1788879682.287441	[31m1 tests, 1 assertions, 1 failures.[m
1788879682.287473	
1788879712.403590	[watch] Reloading #{tiny-test}
1788879712.403632	[watch] Re-running failed tests #{:tiny-test/answer-test}
1788879712.417363	[([31mF[m)]
1788879712.417419	Randomized with --seed 2140620385
1788879712.417493	
1788879712.417497	[31mFAIL[m in tiny-test/answer-test (tiny_test.clj:5)
1788879712.423086	Expected:
1788879712.423131	  [36m42[0m
1788879712.423136	Actual:
1788879712.423140	  [31m-42[0m [32m+55[0m
1788879712.423211	[31m1 tests, 1 assertions, 1 failures.[m
1788879712.423370	
1788879712.428913	[watch] Reloading #{tiny-test}
1788879712.428958	[watch] Re-running failed tests #{:tiny-test/answer-test}
1788879712.438698	[([31mF[m)]
1788879712.438733	Randomized with --seed 525715849
1788879712.438738	
1788879712.438742	[31mFAIL[m in tiny-test/answer-test (tiny_test.clj:5)
1788879712.439624	Expected:
1788879712.439670	  [36m42[0m
1788879712.439674	Actual:
1788879712.439678	  [31m-42[0m [32m+55[0m
1788879712.439684	[31m1 tests, 1 assertions, 1 failures.[m
1788879712.439690	
1788879715.024374	[watch] Reloading #{tiny-test}
1788879715.024414	[watch] Re-running failed tests #{:tiny-test/answer-test}
1788879715.033092	[([31mF[m)]
1788879715.033126	Randomized with --seed 1120212054
1788879715.033131	
1788879715.033135	[31mFAIL[m in tiny-test/answer-test (tiny_test.clj:5)
1788879715.034054	Expected:
1788879715.034061	  [36m42[0m
1788879715.034065	Actual:
1788879715.034069	  [31m-42[0m [32m+56[0m
1788879715.034104	[31m1 tests, 1 assertions, 1 failures.[m
1788879715.034136	
1788879757.713700	[watch] Re-running failed tests #{:tiny-test/answer-test}
1788879757.716311	[([31mF[m)]
1788879757.716332	Randomized with --seed 1724483778
1788879757.716336	
1788879757.716340	[31mFAIL[m in tiny-test/answer-test (tiny_test.clj:5)
1788879757.717122	Expected:
1788879757.717139	  [36m42[0m
1788879757.717143	Actual:
1788879757.717149	  [31m-42[0m [32m+56[0m
1788879757.717165	[31m1 tests, 1 assertions, 1 failures.[m
1788879757.717200	
1788879771.818345	[watch] Reloading #{tiny-test}
1788879771.818386	[watch] Re-running failed tests #{:tiny-test/answer-test}
1788879771.828251	[([31mF[m)]
1788879771.828286	Randomized with --seed 1143472945
1788879771.828352	
1788879771.828355	[31mFAIL[m in tiny-test/answer-test (tiny_test.clj:5)
1788879771.830169	Expected:
1788879771.830203	  [36m42[0m
1788879771.830206	Actual:
1788879771.830209	  [31m-42[0m [32m+58[0m
1788879771.830213	[31m1 tests, 1 assertions, 1 failures.[m
1788879771.830249	
1788879771.833578	[watch] Re-running failed tests #{:tiny-test/answer-test}
1788879771.836197	[([31mF[m)]
1788879771.836209	Randomized with --seed 1329851064
1788879771.836242	
1788879771.836244	[31mFAIL[m in tiny-test/answer-test (tiny_test.clj:5)
1788879771.837177	Expected:
1788879771.837188	  [36m42[0m
1788879771.837191	Actual:
1788879771.837193	  [31m-42[0m [32m+58[0m
1788879771.837221	[31m1 tests, 1 assertions, 1 failures.[m
1788879771.837258	
1788879774.413684	[watch] Re-running failed tests #{:tiny-test/answer-test}
1788879774.417684	[([31mF[m)]
1788879774.417710	Randomized with --seed 355784333
1788879774.417755	
1788879774.417757	[31mFAIL[m in tiny-test/answer-test (tiny_test.clj:5)
1788879774.419160	Expected:
1788879774.419177	  [36m42[0m
1788879774.419180	Actual:
1788879774.419183	  [31m-42[0m [32m+58[0m
1788879774.419219	[31m1 tests, 1 assertions, 1 failures.[m
1788879774.419274	
1788879774.424173	[watch] Reloading #{tiny-test}
1788879774.424190	[watch] Re-running failed tests #{:tiny-test/answer-test}
1788879774.434335	[([31mF[m)]
1788879774.434358	Randomized with --seed 293836319
1788879774.434391	
1788879774.434394	[31mFAIL[m in tiny-test/answer-test (tiny_test.clj:5)
1788879774.435358	Expected:
1788879774.435362	  [36m42[0m
1788879774.435364	Actual:
1788879774.435366	  [31m-42[0m [32m+59[0m
1788879774.435444	[31m1 tests, 1 assertions, 1 failures.[m
1788879774.435489	
