BEGIN general-change-publishes-external-inverse
END general-change-publishes-external-inverse
BEGIN cli-change-publishes-external-inverse
END cli-change-publishes-external-inverse
BEGIN destination-envelope-admits-ledger-before-creation
END destination-envelope-admits-ledger-before-creation
BEGIN default-transaction-publishes-external-journal-and-preimage
END default-transaction-publishes-external-journal-and-preimage
BEGIN namespace-split-publishes-external-detail-and-inverse
END namespace-split-publishes-external-detail-and-inverse
BEGIN destination-envelope-is-trusted-context-only
END destination-envelope-is-trusted-context-only
BEGIN prepared-apply-publishes-external-inverse
END prepared-apply-publishes-external-inverse
BEGIN row5-trivial-profile-receipt-is-honest
END row5-trivial-profile-receipt-is-honest
BEGIN external-profile-is-read-without-workspace-artifacts
END external-profile-is-read-without-workspace-artifacts
BEGIN destination-envelope-resolves-ancestor-and-final-symlinks
END destination-envelope-resolves-ancestor-and-final-symlinks
BEGIN no-witness-compares-an-artifact-path-against-a-literal-root
END no-witness-compares-an-artifact-path-against-a-literal-root
BEGIN advisory-lock-creates-only-an-external-lock-file
END advisory-lock-creates-only-an-external-lock-file
BEGIN legacy-extraction-publishes-external-inverse
END legacy-extraction-publishes-external-inverse
BEGIN cold-proof-publication-is-external-and-workspace-isolated
END cold-proof-publication-is-external-and-workspace-isolated
BEGIN typist-publishes-external-inverse-after-real-proof
END typist-publishes-external-inverse-after-real-proof
BEGIN standalone-require-change-publishes-external-detail-and-inverse
END standalone-require-change-publishes-external-detail-and-inverse
BEGIN helper-extraction-publishes-external-detail-and-inverse
END helper-extraction-publishes-external-detail-and-inverse
BEGIN compact-edit-publishes-external-inverse
END compact-edit-publishes-external-inverse
BEGIN admit-focused-runner-publishes-an-external-report
END admit-focused-runner-publishes-an-external-report
BEGIN the-artifact-boundary-canonicalizes-both-sides
END the-artifact-boundary-canonicalizes-both-sides
BEGIN bb-lane-child-honours-disk-tmpdir
END bb-lane-child-honours-disk-tmpdir
BEGIN destination-envelope-guards-real-publication
END destination-envelope-guards-real-publication
BEGIN destination-envelope-final-filename-consumer-matrix
END destination-envelope-final-filename-consumer-matrix
{:test 29, :pass 251, :fail 0, :error 0}
