
Testing clj-surgeon.cljc.merge-test

ERROR in (unmatched-body-counts-emit-strict-split) (errors.clj:34)
Uncaught exception, not in assertion.
expected: nil
  actual: clojure.lang.ExceptionInfo: cond-splice not in list
{:type :reader-exception, :ex-kind :reader-error}
 at clojure.tools.reader.impl.errors$throw_ex.invokeStatic (errors.clj:34)
    clojure.tools.reader.impl.errors$throw_ex.doInvoke (errors.clj:24)
    clojure.lang.RestFn.invoke (RestFn.java:445)
    clojure.tools.reader.impl.errors$reader_error.invokeStatic (errors.clj:40)
    clojure.tools.reader.impl.errors$reader_error.doInvoke (errors.clj:36)
    clojure.lang.RestFn.invoke (RestFn.java:426)
    clojure.tools.reader$read_cond.invokeStatic (reader.clj:517)
    clojure.tools.reader$read_cond.invoke (reader.clj:508)
    clojure.tools.reader$read_dispatch.invokeStatic (reader.clj:74)
    clojure.tools.reader$read_dispatch.invoke (reader.clj:70)
    clojure.tools.reader$read_STAR_.invokeStatic (reader.clj:937)
    clojure.tools.reader$read_STAR_.invoke (reader.clj:919)
    clojure.tools.reader$read.invokeStatic (reader.clj:990)
    clojure.tools.reader$read.invoke (reader.clj:963)
    clj_surgeon.cljc.merge_test$parse_forms$fn__6211.invoke (merge_test.clj:16)
    clojure.core$repeatedly$fn__6556.invoke (core.clj:5202)
    clojure.lang.LazySeq.force (LazySeq.java:50)
    clojure.lang.LazySeq.realize (LazySeq.java:89)
    clojure.lang.LazySeq.seq (LazySeq.java:106)
    clojure.lang.RT.seq (RT.java:555)
    clojure.core$seq__5488.invokeStatic (core.clj:139)
    clojure.core$take_while$fn__6007.invoke (core.clj:2921)
    clojure.lang.LazySeq.force (LazySeq.java:50)
    clojure.lang.LazySeq.realize (LazySeq.java:89)
    clojure.lang.LazySeq.seq (LazySeq.java:106)
    clojure.lang.Cons.next (Cons.java:41)
    clojure.lang.PersistentVector.create (PersistentVector.java:77)
    clojure.lang.LazilyPersistentVector.create (LazilyPersistentVector.java:44)
    clojure.core$vec.invokeStatic (core.clj:379)
    clojure.core$vec.invoke (core.clj:369)
    clj_surgeon.cljc.merge_test$parse_forms.invokeStatic (merge_test.clj:16)
    clj_surgeon.cljc.merge_test$parse_forms.invoke (merge_test.clj:10)
    clj_surgeon.cljc.merge_test$check_merge.invokeStatic (merge_test.clj:28)
    clj_surgeon.cljc.merge_test$check_merge.invoke (merge_test.clj:23)
    clj_surgeon.cljc.merge_test$fn__6313.invokeStatic (merge_test.clj:123)
    clj_surgeon.cljc.merge_test/fn (merge_test.clj:118)
    clojure.test$test_var$fn__9898.invoke (test.clj:717)
    clojure.test$test_var.invokeStatic (test.clj:717)
    clojure.test$test_var.invoke (test.clj:708)
    clojure.test$test_vars$fn__9924$fn__9929.invoke (test.clj:735)
    clojure.test$default_fixture.invokeStatic (test.clj:687)
    clojure.test$default_fixture.invoke (test.clj:683)
    clojure.test$test_vars$fn__9924.invoke (test.clj:735)
    clojure.test$default_fixture.invokeStatic (test.clj:687)
    clojure.test$default_fixture.invoke (test.clj:683)
    clojure.test$test_vars.invokeStatic (test.clj:731)
    clojure.test$test_all_vars.invokeStatic (test.clj:737)
    clojure.test$test_ns.invokeStatic (test.clj:758)
    clojure.test$test_ns.invoke (test.clj:743)
    clojure.core$map$fn__5956.invoke (core.clj:2772)
    clojure.lang.LazySeq.force (LazySeq.java:50)
    clojure.lang.LazySeq.realize (LazySeq.java:89)
    clojure.lang.LazySeq.seq (LazySeq.java:106)
    clojure.lang.Cons.next (Cons.java:41)
    clojure.lang.RT.boundedLength (RT.java:1810)
    clojure.lang.RestFn.applyTo (RestFn.java:133)
    clojure.core$apply.invokeStatic (core.clj:669)
    clojure.test$run_tests.invokeStatic (test.clj:768)
    clojure.test$run_tests.doInvoke (test.clj:768)
    clojure.lang.RestFn.invoke (RestFn.java:439)
    user$eval18953.invokeStatic (NO_SOURCE_FILE:1)
    user$eval18953.invoke (NO_SOURCE_FILE:1)
    clojure.lang.Compiler.eval (Compiler.java:7739)
    clojure.lang.Compiler.eval (Compiler.java:7729)
    nrepl.middleware.interruptible_eval$evaluator$run__1435$fn__1446.invoke (interruptible_eval.clj:106)
    nrepl.middleware.interruptible_eval$evaluator$run__1435.invoke (interruptible_eval.clj:101)
    nrepl.middleware.session$session_exec$session_loop__1519.invoke (session.clj:230)
    nrepl.SessionThread.run (SessionThread.java:21)

Testing clj-surgeon.cljc.split-test

ERROR in (double-round-trip-converges) (errors.clj:34)
double round-trip stable for fixture: unmatched-counts
expected: (double-round-trip-stable? f)
  actual: clojure.lang.ExceptionInfo: cond-splice not in list
{:type :reader-exception, :ex-kind :reader-error}
 at clojure.tools.reader.impl.errors$throw_ex.invokeStatic (errors.clj:34)
    clojure.tools.reader.impl.errors$throw_ex.doInvoke (errors.clj:24)
    clojure.lang.RestFn.invoke (RestFn.java:445)
    clojure.tools.reader.impl.errors$reader_error.invokeStatic (errors.clj:40)
    clojure.tools.reader.impl.errors$reader_error.doInvoke (errors.clj:36)
    clojure.lang.RestFn.invoke (RestFn.java:426)
    clojure.tools.reader$read_cond.invokeStatic (reader.clj:517)
    clojure.tools.reader$read_cond.invoke (reader.clj:508)
    clojure.tools.reader$read_dispatch.invokeStatic (reader.clj:74)
    clojure.tools.reader$read_dispatch.invoke (reader.clj:70)
    clojure.tools.reader$read_STAR_.invokeStatic (reader.clj:937)
    clojure.tools.reader$read_STAR_.invoke (reader.clj:919)
    clojure.tools.reader$read.invokeStatic (reader.clj:990)
    clojure.tools.reader$read.invoke (reader.clj:963)
    clj_surgeon.cljc.split_test$parse_forms$fn__18555.invoke (split_test.clj:13)
    clojure.core$repeatedly$fn__6556.invoke (core.clj:5202)
    clojure.lang.LazySeq.force (LazySeq.java:50)
    clojure.lang.LazySeq.realize (LazySeq.java:89)
    clojure.lang.LazySeq.seq (LazySeq.java:106)
    clojure.lang.RT.seq (RT.java:555)
    clojure.core$seq__5488.invokeStatic (core.clj:139)
    clojure.core$take_while$fn__6007.invoke (core.clj:2921)
    clojure.lang.LazySeq.force (LazySeq.java:50)
    clojure.lang.LazySeq.realize (LazySeq.java:89)
    clojure.lang.LazySeq.seq (LazySeq.java:106)
    clojure.lang.Cons.next (Cons.java:41)
    clojure.lang.PersistentVector.create (PersistentVector.java:77)
    clojure.lang.LazilyPersistentVector.create (LazilyPersistentVector.java:44)
    clojure.core$vec.invokeStatic (core.clj:379)
    clojure.core$vec.invoke (core.clj:369)
    clj_surgeon.cljc.split_test$parse_forms.invokeStatic (split_test.clj:13)
    clj_surgeon.cljc.split_test$parse_forms.invoke (split_test.clj:11)
    clj_surgeon.cljc.split_test$double_round_trip_stable_QMARK_.invokeStatic (split_test.clj:101)
    clj_surgeon.cljc.split_test$double_round_trip_stable_QMARK_.invoke (split_test.clj:95)
    clojure.lang.AFn.applyToHelper (AFn.java:154)
    clojure.lang.AFn.applyTo (AFn.java:144)
    clojure.core$apply.invokeStatic (core.clj:667)
    clojure.core$apply.invoke (core.clj:662)
    clj_surgeon.cljc.split_test$fn__18607$fn__18612.invoke (split_test.clj:108)
    clj_surgeon.cljc.split_test$fn__18607.invokeStatic (split_test.clj:107)
    clj_surgeon.cljc.split_test/fn (split_test.clj:103)
    clojure.test$test_var$fn__9898.invoke (test.clj:717)
    clojure.test$test_var.invokeStatic (test.clj:717)
    clojure.test$test_var.invoke (test.clj:708)
    clojure.test$test_vars$fn__9924$fn__9929.invoke (test.clj:735)
    clojure.test$default_fixture.invokeStatic (test.clj:687)
    clojure.test$default_fixture.invoke (test.clj:683)
    clojure.test$test_vars$fn__9924.invoke (test.clj:735)
    clojure.test$default_fixture.invokeStatic (test.clj:687)
    clojure.test$default_fixture.invoke (test.clj:683)
    clojure.test$test_vars.invokeStatic (test.clj:731)
    clojure.test$test_all_vars.invokeStatic (test.clj:737)
    clojure.test$test_ns.invokeStatic (test.clj:758)
    clojure.test$test_ns.invoke (test.clj:743)
    clojure.core$map$fn__5956.invoke (core.clj:2772)
    clojure.lang.LazySeq.force (LazySeq.java:50)
    clojure.lang.LazySeq.realize (LazySeq.java:89)
    clojure.lang.LazySeq.seq (LazySeq.java:106)
    clojure.lang.Cons.next (Cons.java:41)
    clojure.lang.RT.boundedLength (RT.java:1810)
    clojure.lang.RestFn.applyTo (RestFn.java:133)
    clojure.core$apply.invokeStatic (core.clj:669)
    clojure.test$run_tests.invokeStatic (test.clj:768)
    clojure.test$run_tests.doInvoke (test.clj:768)
    clojure.lang.RestFn.invoke (RestFn.java:439)
    user$eval18953.invokeStatic (NO_SOURCE_FILE:1)
    user$eval18953.invoke (NO_SOURCE_FILE:1)
    clojure.lang.Compiler.eval (Compiler.java:7739)
    clojure.lang.Compiler.eval (Compiler.java:7729)
    nrepl.middleware.interruptible_eval$evaluator$run__1435$fn__1446.invoke (interruptible_eval.clj:106)
    nrepl.middleware.interruptible_eval$evaluator$run__1435.invoke (interruptible_eval.clj:101)
    nrepl.middleware.session$session_exec$session_loop__1519.invoke (session.clj:230)
    nrepl.SessionThread.run (SessionThread.java:21)

FAIL in (round-trip-unmatched-counts) (split_test.clj:51)
Asymmetric body-form counts round-trip via the strict-split fallback
expected: (= orig-cljs got-cljs)
  actual: (not (= [(ns my.app.async) (defn fetch! [url] (.then (js/fetch url) (fn* [p1__18955#] (.text p1__18955#))))] [(ns my.app.async) (defn fetch! [url] (.then (js/fetch url) (fn* [p1__18956#] (.text p1__18956#))))]))

Testing clj-surgeon.worktree-lifecycle-prune-test

ERROR in (temp-owned-prune-apply-recovers-every-journal-window-once) (UnixException.java:92)
Uncaught exception, not in assertion.
expected: nil
  actual: java.nio.file.NoSuchFileException: /private/tmp/worktree-prune-test14603063320564002879
 at sun.nio.fs.UnixException.translateToIOException (UnixException.java:92)
    sun.nio.fs.UnixException.rethrowAsIOException (UnixException.java:106)
    sun.nio.fs.UnixException.rethrowAsIOException (UnixException.java:111)
    sun.nio.fs.UnixFileSystemProvider.createDirectory (UnixFileSystemProvider.java:462)
    java.nio.file.Files.createDirectory (Files.java:700)
    java.nio.file.TempFileHelper.create (TempFileHelper.java:134)
    java.nio.file.TempFileHelper.createTempDirectory (TempFileHelper.java:171)
    java.nio.file.Files.createTempDirectory (Files.java:977)
    clj_surgeon.worktree_lifecycle_prune_test$with_missing_worktree_fixture.invokeStatic (worktree_lifecycle_prune_test.clj:125)
    clj_surgeon.worktree_lifecycle_prune_test$with_missing_worktree_fixture.invoke (worktree_lifecycle_prune_test.clj:122)
    clj_surgeon.worktree_lifecycle_prune_test$with_missing_worktree_fixture.invokeStatic (worktree_lifecycle_prune_test.clj:123)
    clj_surgeon.worktree_lifecycle_prune_test$with_missing_worktree_fixture.invoke (worktree_lifecycle_prune_test.clj:122)
    clj_surgeon.worktree_lifecycle_prune_test$with_real_prune_apply_fixture.invokeStatic (worktree_lifecycle_prune_test.clj:457)
    clj_surgeon.worktree_lifecycle_prune_test$with_real_prune_apply_fixture.invoke (worktree_lifecycle_prune_test.clj:456)
    clj_surgeon.worktree_lifecycle_prune_test$fn__18902.invokeStatic (worktree_lifecycle_prune_test.clj:567)
    clj_surgeon.worktree_lifecycle_prune_test/fn (worktree_lifecycle_prune_test.clj:563)
    clojure.test$test_var$fn__9898.invoke (test.clj:717)
    clojure.test$test_var.invokeStatic (test.clj:717)
    clojure.test$test_var.invoke (test.clj:708)
    clojure.test$test_vars$fn__9924$fn__9929.invoke (test.clj:735)
    clojure.test$default_fixture.invokeStatic (test.clj:687)
    clojure.test$default_fixture.invoke (test.clj:683)
    clojure.test$test_vars$fn__9924.invoke (test.clj:735)
    clojure.test$default_fixture.invokeStatic (test.clj:687)
    clojure.test$default_fixture.invoke (test.clj:683)
    clojure.test$test_vars.invokeStatic (test.clj:731)
    clojure.test$test_all_vars.invokeStatic (test.clj:737)
    clojure.test$test_ns.invokeStatic (test.clj:758)
    clojure.test$test_ns.invoke (test.clj:743)
    clojure.core$map$fn__5956.invoke (core.clj:2772)
    clojure.lang.LazySeq.force (LazySeq.java:50)
    clojure.lang.LazySeq.realize (LazySeq.java:89)
    clojure.lang.LazySeq.seq (LazySeq.java:106)
    clojure.lang.Cons.next (Cons.java:41)
    clojure.lang.RT.next (RT.java:733)
    clojure.core$next__5472.invokeStatic (core.clj:64)
    clojure.core$reduce1.invokeStatic (core.clj:946)
    clojure.core$reduce1.invokeStatic (core.clj:936)
    clojure.core$merge_with.invokeStatic (core.clj:3083)
    clojure.core$merge_with.doInvoke (core.clj:3075)
    clojure.lang.RestFn.applyTo (RestFn.java:142)
    clojure.core$apply.invokeStatic (core.clj:669)
    clojure.test$run_tests.invokeStatic (test.clj:768)
    clojure.test$run_tests.doInvoke (test.clj:768)
    clojure.lang.RestFn.invoke (RestFn.java:439)
    user$eval18953.invokeStatic (NO_SOURCE_FILE:1)
    user$eval18953.invoke (NO_SOURCE_FILE:1)
    clojure.lang.Compiler.eval (Compiler.java:7739)
    clojure.lang.Compiler.eval (Compiler.java:7729)
    nrepl.middleware.interruptible_eval$evaluator$run__1435$fn__1446.invoke (interruptible_eval.clj:106)
    nrepl.middleware.interruptible_eval$evaluator$run__1435.invoke (interruptible_eval.clj:101)
    nrepl.middleware.session$session_exec$session_loop__1519.invoke (session.clj:230)
    nrepl.SessionThread.run (SessionThread.java:21)

ERROR in (real-git-prune-refuses-recreated-and-locked-targets) (UnixException.java:92)
Uncaught exception, not in assertion.
expected: nil
  actual: java.nio.file.NoSuchFileException: /private/tmp/worktree-prune-test6589621888473191847
 at sun.nio.fs.UnixException.translateToIOException (UnixException.java:92)
    sun.nio.fs.UnixException.rethrowAsIOException (UnixException.java:106)
    sun.nio.fs.UnixException.rethrowAsIOException (UnixException.java:111)
    sun.nio.fs.UnixFileSystemProvider.createDirectory (UnixFileSystemProvider.java:462)
    java.nio.file.Files.createDirectory (Files.java:700)
    java.nio.file.TempFileHelper.create (TempFileHelper.java:134)
    java.nio.file.TempFileHelper.createTempDirectory (TempFileHelper.java:171)
    java.nio.file.Files.createTempDirectory (Files.java:977)
    clj_surgeon.worktree_lifecycle_prune_test$with_missing_worktree_fixture.invokeStatic (worktree_lifecycle_prune_test.clj:125)
    clj_surgeon.worktree_lifecycle_prune_test$with_missing_worktree_fixture.invoke (worktree_lifecycle_prune_test.clj:122)
    clj_surgeon.worktree_lifecycle_prune_test$fn__18807.invokeStatic (worktree_lifecycle_prune_test.clj:445)
    clj_surgeon.worktree_lifecycle_prune_test/fn (worktree_lifecycle_prune_test.clj:440)
    clojure.test$test_var$fn__9898.invoke (test.clj:717)
    clojure.test$test_var.invokeStatic (test.clj:717)
    clojure.test$test_var.invoke (test.clj:708)
    clojure.test$test_vars$fn__9924$fn__9929.invoke (test.clj:735)
    clojure.test$default_fixture.invokeStatic (test.clj:687)
    clojure.test$default_fixture.invoke (test.clj:683)
    clojure.test$test_vars$fn__9924.invoke (test.clj:735)
    clojure.test$default_fixture.invokeStatic (test.clj:687)
    clojure.test$default_fixture.invoke (test.clj:683)
    clojure.test$test_vars.invokeStatic (test.clj:731)
    clojure.test$test_all_vars.invokeStatic (test.clj:737)
    clojure.test$test_ns.invokeStatic (test.clj:758)
    clojure.test$test_ns.invoke (test.clj:743)
    clojure.core$map$fn__5956.invoke (core.clj:2772)
    clojure.lang.LazySeq.force (LazySeq.java:50)
    clojure.lang.LazySeq.realize (LazySeq.java:89)
    clojure.lang.LazySeq.seq (LazySeq.java:106)
    clojure.lang.Cons.next (Cons.java:41)
    clojure.lang.RT.next (RT.java:733)
    clojure.core$next__5472.invokeStatic (core.clj:64)
    clojure.core$reduce1.invokeStatic (core.clj:946)
    clojure.core$reduce1.invokeStatic (core.clj:936)
    clojure.core$merge_with.invokeStatic (core.clj:3083)
    clojure.core$merge_with.doInvoke (core.clj:3075)
    clojure.lang.RestFn.applyTo (RestFn.java:142)
    clojure.core$apply.invokeStatic (core.clj:669)
    clojure.test$run_tests.invokeStatic (test.clj:768)
    clojure.test$run_tests.doInvoke (test.clj:768)
    clojure.lang.RestFn.invoke (RestFn.java:439)
    user$eval18953.invokeStatic (NO_SOURCE_FILE:1)
    user$eval18953.invoke (NO_SOURCE_FILE:1)
    clojure.lang.Compiler.eval (Compiler.java:7739)
    clojure.lang.Compiler.eval (Compiler.java:7729)
    nrepl.middleware.interruptible_eval$evaluator$run__1435$fn__1446.invoke (interruptible_eval.clj:106)
    nrepl.middleware.interruptible_eval$evaluator$run__1435.invoke (interruptible_eval.clj:101)
    nrepl.middleware.session$session_exec$session_loop__1519.invoke (session.clj:230)
    nrepl.SessionThread.run (SessionThread.java:21)

ERROR in (temp-owned-apply-accepts-its-own-lease-and-prunes-once) (UnixException.java:92)
Uncaught exception, not in assertion.
expected: nil
  actual: java.nio.file.NoSuchFileException: /private/tmp/worktree-prune-test13059697373585097408
 at sun.nio.fs.UnixException.translateToIOException (UnixException.java:92)
    sun.nio.fs.UnixException.rethrowAsIOException (UnixException.java:106)
    sun.nio.fs.UnixException.rethrowAsIOException (UnixException.java:111)
    sun.nio.fs.UnixFileSystemProvider.createDirectory (UnixFileSystemProvider.java:462)
    java.nio.file.Files.createDirectory (Files.java:700)
    java.nio.file.TempFileHelper.create (TempFileHelper.java:134)
    java.nio.file.TempFileHelper.createTempDirectory (TempFileHelper.java:171)
    java.nio.file.Files.createTempDirectory (Files.java:977)
    clj_surgeon.worktree_lifecycle_prune_test$with_missing_worktree_fixture.invokeStatic (worktree_lifecycle_prune_test.clj:125)
    clj_surgeon.worktree_lifecycle_prune_test$with_missing_worktree_fixture.invoke (worktree_lifecycle_prune_test.clj:122)
    clj_surgeon.worktree_lifecycle_prune_test$with_missing_worktree_fixture.invokeStatic (worktree_lifecycle_prune_test.clj:123)
    clj_surgeon.worktree_lifecycle_prune_test$with_missing_worktree_fixture.invoke (worktree_lifecycle_prune_test.clj:122)
    clj_surgeon.worktree_lifecycle_prune_test$with_real_prune_apply_fixture.invokeStatic (worktree_lifecycle_prune_test.clj:457)
    clj_surgeon.worktree_lifecycle_prune_test$with_real_prune_apply_fixture.invoke (worktree_lifecycle_prune_test.clj:456)
    clj_surgeon.worktree_lifecycle_prune_test$fn__18881.invokeStatic (worktree_lifecycle_prune_test.clj:554)
    clj_surgeon.worktree_lifecycle_prune_test/fn (worktree_lifecycle_prune_test.clj:552)
    clojure.test$test_var$fn__9898.invoke (test.clj:717)
    clojure.test$test_var.invokeStatic (test.clj:717)
    clojure.test$test_var.invoke (test.clj:708)
    clojure.test$test_vars$fn__9924$fn__9929.invoke (test.clj:735)
    clojure.test$default_fixture.invokeStatic (test.clj:687)
    clojure.test$default_fixture.invoke (test.clj:683)
    clojure.test$test_vars$fn__9924.invoke (test.clj:735)
    clojure.test$default_fixture.invokeStatic (test.clj:687)
    clojure.test$default_fixture.invoke (test.clj:683)
    clojure.test$test_vars.invokeStatic (test.clj:731)
    clojure.test$test_all_vars.invokeStatic (test.clj:737)
    clojure.test$test_ns.invokeStatic (test.clj:758)
    clojure.test$test_ns.invoke (test.clj:743)
    clojure.core$map$fn__5956.invoke (core.clj:2772)
    clojure.lang.LazySeq.force (LazySeq.java:50)
    clojure.lang.LazySeq.realize (LazySeq.java:89)
    clojure.lang.LazySeq.seq (LazySeq.java:106)
    clojure.lang.Cons.next (Cons.java:41)
    clojure.lang.RT.next (RT.java:733)
    clojure.core$next__5472.invokeStatic (core.clj:64)
    clojure.core$reduce1.invokeStatic (core.clj:946)
    clojure.core$reduce1.invokeStatic (core.clj:936)
    clojure.core$merge_with.invokeStatic (core.clj:3083)
    clojure.core$merge_with.doInvoke (core.clj:3075)
    clojure.lang.RestFn.applyTo (RestFn.java:142)
    clojure.core$apply.invokeStatic (core.clj:669)
    clojure.test$run_tests.invokeStatic (test.clj:768)
    clojure.test$run_tests.doInvoke (test.clj:768)
    clojure.lang.RestFn.invoke (RestFn.java:439)
    user$eval18953.invokeStatic (NO_SOURCE_FILE:1)
    user$eval18953.invoke (NO_SOURCE_FILE:1)
    clojure.lang.Compiler.eval (Compiler.java:7739)
    clojure.lang.Compiler.eval (Compiler.java:7729)
    nrepl.middleware.interruptible_eval$evaluator$run__1435$fn__1446.invoke (interruptible_eval.clj:106)
    nrepl.middleware.interruptible_eval$evaluator$run__1435.invoke (interruptible_eval.clj:101)
    nrepl.middleware.session$session_exec$session_loop__1519.invoke (session.clj:230)
    nrepl.SessionThread.run (SessionThread.java:21)

ERROR in (no-follow-path-authority-distinguishes-absence-and-links) (UnixException.java:92)
Uncaught exception, not in assertion.
expected: nil
  actual: java.nio.file.NoSuchFileException: /private/tmp/worktree-path-proof8010599475391071561
 at sun.nio.fs.UnixException.translateToIOException (UnixException.java:92)
    sun.nio.fs.UnixException.rethrowAsIOException (UnixException.java:106)
    sun.nio.fs.UnixException.rethrowAsIOException (UnixException.java:111)
    sun.nio.fs.UnixFileSystemProvider.createDirectory (UnixFileSystemProvider.java:462)
    java.nio.file.Files.createDirectory (Files.java:700)
    java.nio.file.TempFileHelper.create (TempFileHelper.java:134)
    java.nio.file.TempFileHelper.createTempDirectory (TempFileHelper.java:171)
    java.nio.file.Files.createTempDirectory (Files.java:977)
    clj_surgeon.worktree_lifecycle_prune_test$fn__18782.invokeStatic (worktree_lifecycle_prune_test.clj:395)
    clj_surgeon.worktree_lifecycle_prune_test/fn (worktree_lifecycle_prune_test.clj:393)
    clojure.test$test_var$fn__9898.invoke (test.clj:717)
    clojure.test$test_var.invokeStatic (test.clj:717)
    clojure.test$test_var.invoke (test.clj:708)
    clojure.test$test_vars$fn__9924$fn__9929.invoke (test.clj:735)
    clojure.test$default_fixture.invokeStatic (test.clj:687)
    clojure.test$default_fixture.invoke (test.clj:683)
    clojure.test$test_vars$fn__9924.invoke (test.clj:735)
    clojure.test$default_fixture.invokeStatic (test.clj:687)
    clojure.test$default_fixture.invoke (test.clj:683)
    clojure.test$test_vars.invokeStatic (test.clj:731)
    clojure.test$test_all_vars.invokeStatic (test.clj:737)
    clojure.test$test_ns.invokeStatic (test.clj:758)
    clojure.test$test_ns.invoke (test.clj:743)
    clojure.core$map$fn__5956.invoke (core.clj:2772)
    clojure.lang.LazySeq.force (LazySeq.java:50)
    clojure.lang.LazySeq.realize (LazySeq.java:89)
    clojure.lang.LazySeq.seq (LazySeq.java:106)
    clojure.lang.Cons.next (Cons.java:41)
    clojure.lang.RT.next (RT.java:733)
    clojure.core$next__5472.invokeStatic (core.clj:64)
    clojure.core$reduce1.invokeStatic (core.clj:946)
    clojure.core$reduce1.invokeStatic (core.clj:936)
    clojure.core$merge_with.invokeStatic (core.clj:3083)
    clojure.core$merge_with.doInvoke (core.clj:3075)
    clojure.lang.RestFn.applyTo (RestFn.java:142)
    clojure.core$apply.invokeStatic (core.clj:669)
    clojure.test$run_tests.invokeStatic (test.clj:768)
    clojure.test$run_tests.doInvoke (test.clj:768)
    clojure.lang.RestFn.invoke (RestFn.java:439)
    user$eval18953.invokeStatic (NO_SOURCE_FILE:1)
    user$eval18953.invoke (NO_SOURCE_FILE:1)
    clojure.lang.Compiler.eval (Compiler.java:7739)
    clojure.lang.Compiler.eval (Compiler.java:7729)
    nrepl.middleware.interruptible_eval$evaluator$run__1435$fn__1446.invoke (interruptible_eval.clj:106)
    nrepl.middleware.interruptible_eval$evaluator$run__1435.invoke (interruptible_eval.clj:101)
    nrepl.middleware.session$session_exec$session_loop__1519.invoke (session.clj:230)
    nrepl.SessionThread.run (SessionThread.java:21)

ERROR in (real-git-missing-registration-matrix-preserves-peer) (UnixException.java:92)
Uncaught exception, not in assertion.
expected: nil
  actual: java.nio.file.NoSuchFileException: /private/tmp/worktree-prune-test5678599754909215764
 at sun.nio.fs.UnixException.translateToIOException (UnixException.java:92)
    sun.nio.fs.UnixException.rethrowAsIOException (UnixException.java:106)
    sun.nio.fs.UnixException.rethrowAsIOException (UnixException.java:111)
    sun.nio.fs.UnixFileSystemProvider.createDirectory (UnixFileSystemProvider.java:462)
    java.nio.file.Files.createDirectory (Files.java:700)
    java.nio.file.TempFileHelper.create (TempFileHelper.java:134)
    java.nio.file.TempFileHelper.createTempDirectory (TempFileHelper.java:171)
    java.nio.file.Files.createTempDirectory (Files.java:977)
    clj_surgeon.worktree_lifecycle_prune_test$with_missing_worktree_fixture.invokeStatic (worktree_lifecycle_prune_test.clj:125)
    clj_surgeon.worktree_lifecycle_prune_test$with_missing_worktree_fixture.invoke (worktree_lifecycle_prune_test.clj:122)
    clj_surgeon.worktree_lifecycle_prune_test$with_missing_worktree_fixture.invokeStatic (worktree_lifecycle_prune_test.clj:123)
    clj_surgeon.worktree_lifecycle_prune_test$with_missing_worktree_fixture.invoke (worktree_lifecycle_prune_test.clj:122)
    clj_surgeon.worktree_lifecycle_prune_test$fn__18796.invokeStatic (worktree_lifecycle_prune_test.clj:429)
    clj_surgeon.worktree_lifecycle_prune_test/fn (worktree_lifecycle_prune_test.clj:425)
    clojure.test$test_var$fn__9898.invoke (test.clj:717)
    clojure.test$test_var.invokeStatic (test.clj:717)
    clojure.test$test_var.invoke (test.clj:708)
    clojure.test$test_vars$fn__9924$fn__9929.invoke (test.clj:735)
    clojure.test$default_fixture.invokeStatic (test.clj:687)
    clojure.test$default_fixture.invoke (test.clj:683)
    clojure.test$test_vars$fn__9924.invoke (test.clj:735)
    clojure.test$default_fixture.invokeStatic (test.clj:687)
    clojure.test$default_fixture.invoke (test.clj:683)
    clojure.test$test_vars.invokeStatic (test.clj:731)
    clojure.test$test_all_vars.invokeStatic (test.clj:737)
    clojure.test$test_ns.invokeStatic (test.clj:758)
    clojure.test$test_ns.invoke (test.clj:743)
    clojure.core$map$fn__5956.invoke (core.clj:2772)
    clojure.lang.LazySeq.force (LazySeq.java:50)
    clojure.lang.LazySeq.realize (LazySeq.java:89)
    clojure.lang.LazySeq.seq (LazySeq.java:106)
    clojure.lang.Cons.next (Cons.java:41)
    clojure.lang.RT.next (RT.java:733)
    clojure.core$next__5472.invokeStatic (core.clj:64)
    clojure.core$reduce1.invokeStatic (core.clj:946)
    clojure.core$reduce1.invokeStatic (core.clj:936)
    clojure.core$merge_with.invokeStatic (core.clj:3083)
    clojure.core$merge_with.doInvoke (core.clj:3075)
    clojure.lang.RestFn.applyTo (RestFn.java:142)
    clojure.core$apply.invokeStatic (core.clj:669)
    clojure.test$run_tests.invokeStatic (test.clj:768)
    clojure.test$run_tests.doInvoke (test.clj:768)
    clojure.lang.RestFn.invoke (RestFn.java:439)
    user$eval18953.invokeStatic (NO_SOURCE_FILE:1)
    user$eval18953.invoke (NO_SOURCE_FILE:1)
    clojure.lang.Compiler.eval (Compiler.java:7739)
    clojure.lang.Compiler.eval (Compiler.java:7729)
    nrepl.middleware.interruptible_eval$evaluator$run__1435$fn__1446.invoke (interruptible_eval.clj:106)
    nrepl.middleware.interruptible_eval$evaluator$run__1435.invoke (interruptible_eval.clj:101)
    nrepl.middleware.session$session_exec$session_loop__1519.invoke (session.clj:230)
    nrepl.SessionThread.run (SessionThread.java:21)

Ran 49 tests containing 79 assertions.
1 failures, 7 errors.
=> {:test 49, :pass 71, :fail 1, :error 7, :type :summary}
*======== user | clj ========*
