Picked up JAVA_TOOL_OPTIONS: -Xmx1024m -Djava.io.tmpdir=/var/tmp/forge/datacode-fx

FAIL in (destination-envelope-refuses-hard-linked-final-ledger) (receipt_artifacts_boundary_test.clj:262)
nil
expected: (= :write-outside-envelope (:error-type r))
  actual: (not (= :write-outside-envelope nil))

FAIL in (destination-envelope-refuses-hard-linked-final-ledger) (receipt_artifacts_boundary_test.clj:263)
expected: (= :hard-link (:reason r))
  actual: (not (= :hard-link nil))

FAIL in (destination-envelope-refuses-hard-linked-final-ledger) (receipt_artifacts_boundary_test.clj:264)
expected: (= :telemetry-append (:effect r))
  actual: (not (= :telemetry-append nil))

FAIL in (destination-envelope-refuses-hard-linked-final-ledger) (receipt_artifacts_boundary_test.clj:265)
expected: (= (str ledger) (:path r))
  actual: (not (= "/var/tmp/forge/datacode-fx/receipt-publication-3270834589015721617/allowed/alias-migration-receipts/ledger.edn" nil))

FAIL in (destination-envelope-refuses-hard-linked-final-ledger) (receipt_artifacts_boundary_test.clj:266)
expected: (string? (:envelope-id r))
  actual: (not (string? nil))

FAIL in (destination-envelope-refuses-hard-linked-final-ledger) (receipt_artifacts_boundary_test.clj:267)
expected: (= "sentinel" (slurp outside))
  actual: (not (= "sentinel" "sentinel{:witness true, :envelope-id \"aa41a76215582b96ad89653a3f8e52db4d366fe9b71f5ab4b5bbae05bc6e32b1\"}\n"))

Ran 1 tests containing 7 assertions.
6 failures, 0 errors.
