Picked up JAVA_TOOL_OPTIONS: -Xmx1g -Djava.io.tmpdir=/var/tmp/forge/bbtower-fx

ERROR in (probe-output-degrades-without-deleting-the-verdict) (mcp_http_server_test.clj:86)
expected: (= (pr-str at) (encode at))
  actual: java.lang.NullPointerException: Cannot invoke "clojure.lang.IFn.invoke(Object)" because "this.encode" is null
 at clj_surgeon.mcp_http_server_test$fn__39957$fn__39966.invoke (mcp_http_server_test.clj:86)
    clj_surgeon.mcp_http_server_test$fn__39957.invokeStatic (mcp_http_server_test.clj:86)
    clj_surgeon.mcp_http_server_test/fn (mcp_http_server_test.clj:76)
    clojure.test$test_var$fn__9898.invoke (test.clj:717)
    clojure.test$test_var.invokeStatic (test.clj:717)
    clojure.test$test_var.invoke (test.clj:708)
    clojure.test$test_vars$fn__9924$fn__9929.invoke (test.clj:735)
    clojure.test$default_fixture.invokeStatic (test.clj:687)
    clojure.test$default_fixture.invoke (test.clj:683)
    clojure.test$test_vars$fn__9924.invoke (test.clj:735)
    clojure.test$default_fixture.invokeStatic (test.clj:687)
    clojure.test$default_fixture.invoke (test.clj:683)
    clojure.test$test_vars.invokeStatic (test.clj:731)
    clojure.test$test_vars.invoke (test.clj:723)
    user$eval40929.invokeStatic (NO_SOURCE_FILE:1)
    user$eval40929.invoke (NO_SOURCE_FILE:1)
    clojure.lang.Compiler.eval (Compiler.java:7739)
    clojure.lang.Compiler.eval (Compiler.java:7694)
    clojure.core$eval.invokeStatic (core.clj:3232)
    clojure.main$eval_opt.invokeStatic (main.clj:489)
    clojure.main$eval_opt.invoke (main.clj:483)
    clojure.main$initialize.invokeStatic (main.clj:509)
    clojure.main$null_opt.invokeStatic (main.clj:543)
    clojure.main$null_opt.invoke (main.clj:540)
    clojure.main$main.invokeStatic (main.clj:665)
    clojure.main$main.doInvoke (main.clj:617)
    clojure.lang.RestFn.applyTo (RestFn.java:140)
    clojure.lang.Var.applyTo (Var.java:707)
    clojure.main.main (main.java:40)

ERROR in (probe-output-degrades-without-deleting-the-verdict) (mcp_http_server_test.clj:95)
Uncaught exception, not in assertion.
expected: nil
  actual: java.lang.NullPointerException: Cannot invoke "clojure.lang.IFn.invoke(Object)" because "encode" is null
 at clj_surgeon.mcp_http_server_test$fn__39957.invokeStatic (mcp_http_server_test.clj:95)
    clj_surgeon.mcp_http_server_test/fn (mcp_http_server_test.clj:76)
    clojure.test$test_var$fn__9898.invoke (test.clj:717)
    clojure.test$test_var.invokeStatic (test.clj:717)
    clojure.test$test_var.invoke (test.clj:708)
    clojure.test$test_vars$fn__9924$fn__9929.invoke (test.clj:735)
    clojure.test$default_fixture.invokeStatic (test.clj:687)
    clojure.test$default_fixture.invoke (test.clj:683)
    clojure.test$test_vars$fn__9924.invoke (test.clj:735)
    clojure.test$default_fixture.invokeStatic (test.clj:687)
    clojure.test$default_fixture.invoke (test.clj:683)
    clojure.test$test_vars.invokeStatic (test.clj:731)
    clojure.test$test_vars.invoke (test.clj:723)
    user$eval40929.invokeStatic (NO_SOURCE_FILE:1)
    user$eval40929.invoke (NO_SOURCE_FILE:1)
    clojure.lang.Compiler.eval (Compiler.java:7739)
    clojure.lang.Compiler.eval (Compiler.java:7694)
    clojure.core$eval.invokeStatic (core.clj:3232)
    clojure.main$eval_opt.invokeStatic (main.clj:489)
    clojure.main$eval_opt.invoke (main.clj:483)
    clojure.main$initialize.invokeStatic (main.clj:509)
    clojure.main$null_opt.invokeStatic (main.clj:543)
    clojure.main$null_opt.invoke (main.clj:540)
    clojure.main$main.invokeStatic (main.clj:665)
    clojure.main$main.doInvoke (main.clj:617)
    clojure.lang.RestFn.applyTo (RestFn.java:140)
    clojure.lang.Var.applyTo (Var.java:707)
    clojure.main.main (main.java:40)

FAIL in (probe-servlet-bounds-the-actual-writer) (mcp_http_server_test.clj:139)
expected: (<= (alength (.getBytes wire "UTF-8")) 16384)
  actual: (not (<= 54013 16384))

FAIL in (probe-servlet-bounds-the-actual-writer) (mcp_http_server_test.clj:142)
expected: (= :probe-response-truncated (:error-type receipt))
  actual: (not (= :probe-response-truncated nil))

Testing clj-surgeon.forms-test

Ran 24 tests containing 94 assertions.
0 failures, 0 errors.
{:test 3, :pass 9, :fail 2, :error 2}
