Installed stable CLI /var/tmp/forge/bbtower-fx/attempt13-launchers-ca4143qw/install-cli from commit b45d3eb113b5d258ba3601023a8c64fc9fce8339, source hash 05f628c009e6e13021e6908e2fe43bd51a4a3b37e2c3f7b914ea57db9f30b6ae
Receipt: /var/tmp/forge/bbtower-fx/attempt13-launchers-ca4143qw/install-cli.receipt.edn
DEVELOPMENT LINK: /var/tmp/forge/bbtower-fx/attempt13-launchers-ca4143qw/install-dev-cli loads the active checkout /home/forge/src/clj-surgeon-bbtower/src
{"target": "install-cli", "TMPDIR": null, "argv": ["-Djava.io.tmpdir=/var/tmp", "--classpath", "/var/tmp/forge/bbtower-fx/attempt13-launchers-ca4143qw/install/versions/b45d3eb113b5d258ba3601023a8c64fc9fce8339/cli-05f628c009e6e13021e6908e2fe43bd51a4a3b37e2c3f7b914ea57db9f30b6ae/src", "-m", "clj-surgeon.core", "arg with spaces"]}
{"target": "install-cli", "TMPDIR": "", "argv": ["-Djava.io.tmpdir=/var/tmp", "--classpath", "/var/tmp/forge/bbtower-fx/attempt13-launchers-ca4143qw/install/versions/b45d3eb113b5d258ba3601023a8c64fc9fce8339/cli-05f628c009e6e13021e6908e2fe43bd51a4a3b37e2c3f7b914ea57db9f30b6ae/src", "-m", "clj-surgeon.core", "arg with spaces"]}
{"target": "install-cli", "TMPDIR": "  ", "argv": ["-Djava.io.tmpdir=/var/tmp", "--classpath", "/var/tmp/forge/bbtower-fx/attempt13-launchers-ca4143qw/install/versions/b45d3eb113b5d258ba3601023a8c64fc9fce8339/cli-05f628c009e6e13021e6908e2fe43bd51a4a3b37e2c3f7b914ea57db9f30b6ae/src", "-m", "clj-surgeon.core", "arg with spaces"]}
{"target": "install-cli", "TMPDIR": "/tmp", "argv": ["-Djava.io.tmpdir=/var/tmp", "--classpath", "/var/tmp/forge/bbtower-fx/attempt13-launchers-ca4143qw/install/versions/b45d3eb113b5d258ba3601023a8c64fc9fce8339/cli-05f628c009e6e13021e6908e2fe43bd51a4a3b37e2c3f7b914ea57db9f30b6ae/src", "-m", "clj-surgeon.core", "arg with spaces"]}
{"target": "install-cli", "TMPDIR": "/tmp/x", "argv": ["-Djava.io.tmpdir=/var/tmp", "--classpath", "/var/tmp/forge/bbtower-fx/attempt13-launchers-ca4143qw/install/versions/b45d3eb113b5d258ba3601023a8c64fc9fce8339/cli-05f628c009e6e13021e6908e2fe43bd51a4a3b37e2c3f7b914ea57db9f30b6ae/src", "-m", "clj-surgeon.core", "arg with spaces"]}
{"target": "install-cli", "TMPDIR": "/dev/shm", "argv": ["-Djava.io.tmpdir=/var/tmp", "--classpath", "/var/tmp/forge/bbtower-fx/attempt13-launchers-ca4143qw/install/versions/b45d3eb113b5d258ba3601023a8c64fc9fce8339/cli-05f628c009e6e13021e6908e2fe43bd51a4a3b37e2c3f7b914ea57db9f30b6ae/src", "-m", "clj-surgeon.core", "arg with spaces"]}
{"target": "install-cli", "TMPDIR": "/dev/shm/x", "argv": ["-Djava.io.tmpdir=/var/tmp", "--classpath", "/var/tmp/forge/bbtower-fx/attempt13-launchers-ca4143qw/install/versions/b45d3eb113b5d258ba3601023a8c64fc9fce8339/cli-05f628c009e6e13021e6908e2fe43bd51a4a3b37e2c3f7b914ea57db9f30b6ae/src", "-m", "clj-surgeon.core", "arg with spaces"]}
{"target": "install-cli", "TMPDIR": "/var/tmp/forge/bbtower-fx/attempt13-launchers-ca4143qw/with spaces", "argv": ["-Djava.io.tmpdir=/var/tmp/forge/bbtower-fx/attempt13-launchers-ca4143qw/with spaces", "--classpath", "/var/tmp/forge/bbtower-fx/attempt13-launchers-ca4143qw/install/versions/b45d3eb113b5d258ba3601023a8c64fc9fce8339/cli-05f628c009e6e13021e6908e2fe43bd51a4a3b37e2c3f7b914ea57db9f30b6ae/src", "-m", "clj-surgeon.core", "arg with spaces"]}
install-cli real bb CLI: {:tool "clj-surgeon", :version "0.1.0"}
{"target": "install-dev-cli", "TMPDIR": null, "argv": ["-Djava.io.tmpdir=/var/tmp", "--classpath", "/home/forge/src/clj-surgeon-bbtower/src", "-m", "clj-surgeon.core", "arg with spaces"]}
{"target": "install-dev-cli", "TMPDIR": "", "argv": ["-Djava.io.tmpdir=/var/tmp", "--classpath", "/home/forge/src/clj-surgeon-bbtower/src", "-m", "clj-surgeon.core", "arg with spaces"]}
{"target": "install-dev-cli", "TMPDIR": "  ", "argv": ["-Djava.io.tmpdir=/var/tmp", "--classpath", "/home/forge/src/clj-surgeon-bbtower/src", "-m", "clj-surgeon.core", "arg with spaces"]}
{"target": "install-dev-cli", "TMPDIR": "/tmp", "argv": ["-Djava.io.tmpdir=/var/tmp", "--classpath", "/home/forge/src/clj-surgeon-bbtower/src", "-m", "clj-surgeon.core", "arg with spaces"]}
{"target": "install-dev-cli", "TMPDIR": "/tmp/x", "argv": ["-Djava.io.tmpdir=/var/tmp", "--classpath", "/home/forge/src/clj-surgeon-bbtower/src", "-m", "clj-surgeon.core", "arg with spaces"]}
{"target": "install-dev-cli", "TMPDIR": "/dev/shm", "argv": ["-Djava.io.tmpdir=/var/tmp", "--classpath", "/home/forge/src/clj-surgeon-bbtower/src", "-m", "clj-surgeon.core", "arg with spaces"]}
{"target": "install-dev-cli", "TMPDIR": "/dev/shm/x", "argv": ["-Djava.io.tmpdir=/var/tmp", "--classpath", "/home/forge/src/clj-surgeon-bbtower/src", "-m", "clj-surgeon.core", "arg with spaces"]}
{"target": "install-dev-cli", "TMPDIR": "/var/tmp/forge/bbtower-fx/attempt13-launchers-ca4143qw/with spaces", "argv": ["-Djava.io.tmpdir=/var/tmp/forge/bbtower-fx/attempt13-launchers-ca4143qw/with spaces", "--classpath", "/home/forge/src/clj-surgeon-bbtower/src", "-m", "clj-surgeon.core", "arg with spaces"]}
install-dev-cli real bb CLI: {:tool "clj-surgeon", :version "0.1.0"}
